Archive member included to satisfy reference by file (symbol)

/media/parth/data/MYD-AM335X_V20R2_20181010/04-Linux_source/Toolchain/gcc-linaro-5.3-2016.02-x86_64_arm-linux-gnueabihf/bin/../lib/gcc/arm-linux-gnueabihf/5.3.1/libgcc.a(_udivsi3.o)
                              arch/arm/cpu/armv7/built-in.o (__aeabi_uidiv)
/media/parth/data/MYD-AM335X_V20R2_20181010/04-Linux_source/Toolchain/gcc-linaro-5.3-2016.02-x86_64_arm-linux-gnueabihf/bin/../lib/gcc/arm-linux-gnueabihf/5.3.1/libgcc.a(_divsi3.o)
                              cmd/built-in.o (__aeabi_idiv)
/media/parth/data/MYD-AM335X_V20R2_20181010/04-Linux_source/Toolchain/gcc-linaro-5.3-2016.02-x86_64_arm-linux-gnueabihf/bin/../lib/gcc/arm-linux-gnueabihf/5.3.1/libgcc.a(_lshrdi3.o)
                              drivers/mtd/nand/built-in.o (__aeabi_llsr)
/media/parth/data/MYD-AM335X_V20R2_20181010/04-Linux_source/Toolchain/gcc-linaro-5.3-2016.02-x86_64_arm-linux-gnueabihf/bin/../lib/gcc/arm-linux-gnueabihf/5.3.1/libgcc.a(_ashrdi3.o)
                              drivers/mtd/nand/built-in.o (__aeabi_lasr)
/media/parth/data/MYD-AM335X_V20R2_20181010/04-Linux_source/Toolchain/gcc-linaro-5.3-2016.02-x86_64_arm-linux-gnueabihf/bin/../lib/gcc/arm-linux-gnueabihf/5.3.1/libgcc.a(_ashldi3.o)
                              drivers/mmc/built-in.o (__aeabi_llsl)
/media/parth/data/MYD-AM335X_V20R2_20181010/04-Linux_source/Toolchain/gcc-linaro-5.3-2016.02-x86_64_arm-linux-gnueabihf/bin/../lib/gcc/arm-linux-gnueabihf/5.3.1/libgcc.a(_dvmd_lnx.o)
                              /media/parth/data/MYD-AM335X_V20R2_20181010/04-Linux_source/Toolchain/gcc-linaro-5.3-2016.02-x86_64_arm-linux-gnueabihf/bin/../lib/gcc/arm-linux-gnueabihf/5.3.1/libgcc.a(_udivsi3.o) (__aeabi_idiv0)

Discarded input sections

 .data          0x0000000000000000        0x0 arch/arm/cpu/armv7/start.o
 .bss           0x0000000000000000        0x0 arch/arm/cpu/armv7/start.o
 .text          0x0000000000000000        0x0 board/myirtech/myd_c335x/built-in.o
 .data          0x0000000000000000        0x0 board/myirtech/myd_c335x/built-in.o
 .bss           0x0000000000000000        0x0 board/myirtech/myd_c335x/built-in.o
 .text.mmu_page_table_flush
                0x0000000000000000       0x1e arch/arm/cpu/armv7/built-in.o
 .text.v7_arch_cp15_set_l2aux_ctrl
                0x0000000000000000        0x6 arch/arm/cpu/armv7/built-in.o
 .text.v7_arch_cp15_set_acr
                0x0000000000000000        0x6 arch/arm/cpu/armv7/built-in.o
 .text.wait_on_value
                0x0000000000000000       0x1a arch/arm/cpu/armv7/built-in.o
 .text.warm_reset
                0x0000000000000000       0x18 arch/arm/cpu/armv7/built-in.o
 .text.setup_warmreset_time
                0x0000000000000000        0x2 arch/arm/cpu/armv7/built-in.o
 .text.do_cancel_out
                0x0000000000000000       0x44 arch/arm/cpu/armv7/built-in.o
 .text.cancel_out
                0x0000000000000000       0x62 arch/arm/cpu/armv7/built-in.o
 .text.omap_die_id
                0x0000000000000000        0xc arch/arm/cpu/armv7/built-in.o
 .text.omap_die_id_serial
                0x0000000000000000       0x4c arch/arm/cpu/armv7/built-in.o
 .text.omap_die_id_get_board_serial
                0x0000000000000000       0x24 arch/arm/cpu/armv7/built-in.o
 .text.omap_die_id_usbethaddr
                0x0000000000000000       0x58 arch/arm/cpu/armv7/built-in.o
 .text.omap_die_id_display
                0x0000000000000000       0x2c arch/arm/cpu/armv7/built-in.o
 .text.omap_sys_boot_device
                0x0000000000000000        0x4 arch/arm/cpu/armv7/built-in.o
 .text.save_omap_boot_params
                0x0000000000000000       0x78 arch/arm/cpu/armv7/built-in.o
 .text.get_dpll_mpu_params
                0x0000000000000000        0x8 arch/arm/cpu/armv7/built-in.o
 .text.get_dpll_core_params
                0x0000000000000000        0x8 arch/arm/cpu/armv7/built-in.o
 .text.get_dpll_per_params
                0x0000000000000000        0x8 arch/arm/cpu/armv7/built-in.o
 .text.setup_clocks_for_console
                0x0000000000000000       0x78 arch/arm/cpu/armv7/built-in.o
 .text.enable_basic_clocks
                0x0000000000000000       0x40 arch/arm/cpu/armv7/built-in.o
 .text.do_setup_dpll
                0x0000000000000000       0xc4 arch/arm/cpu/armv7/built-in.o
 .text.do_enable_clocks
                0x0000000000000000       0x60 arch/arm/cpu/armv7/built-in.o
 .text.do_disable_clocks
                0x0000000000000000       0x68 arch/arm/cpu/armv7/built-in.o
 .text.scale_vcores
                0x0000000000000000        0x2 arch/arm/cpu/armv7/built-in.o
 .text.prcm_init
                0x0000000000000000       0x60 arch/arm/cpu/armv7/built-in.o
 .text.rtc_only_prcm_init
                0x0000000000000000       0x1c arch/arm/cpu/armv7/built-in.o
 .text.get_cpu_rev
                0x0000000000000000        0xc arch/arm/cpu/armv7/built-in.o
 .text.get_cpu_type
                0x0000000000000000       0x10 arch/arm/cpu/armv7/built-in.o
[...]
Memory Configuration

Name             Origin             Length             Attributes
*default*        0x0000000000000000 0xffffffffffffffff

Linker script and memory map

Address of section .text set to 0x80800000
                0x0000000000000000                . = 0x0
                0x0000000000000000                . = ALIGN (0x4)

.text           0x0000000080800000    0x34ac8
 *(.__image_copy_start)
 .__image_copy_start
                0x0000000080800000        0x0 arch/arm/lib/built-in.o
                0x0000000080800000                __image_copy_start
 *(.vectors)
 .vectors       0x0000000080800000      0x300 arch/arm/lib/built-in.o
                0x0000000080800000                _start
                0x0000000080800020                _undefined_instruction
                0x0000000080800024                _software_interrupt
                0x0000000080800028                _prefetch_abort
                0x000000008080002c                _data_abort
                0x0000000080800030                _not_used
                0x0000000080800034                _irq
                0x0000000080800038                _fiq
                0x0000000080800040                IRQ_STACK_START_IN
 arch/arm/cpu/armv7/start.o(.text*)
 .text          0x0000000080800300       0xa4 arch/arm/cpu/armv7/start.o
                0x0000000080800300                reset
                0x0000000080800304                save_boot_params_ret
                0x0000000080800338                c_runtime_cpu_setup
                0x000000008080034c                cpu_init_cp15
 board/myirtech/myd_c335x/built-in.o(.text*)
 .text.cpsw_control
                0x00000000808003a4        0x2 board/myirtech/myd_c335x/built-in.o
 *fill*         0x00000000808003a6        0x2 
 .text.board_init
                0x00000000808003a8       0x20 board/myirtech/myd_c335x/built-in.o
                0x00000000808003a8                board_init
 .text.board_eth_init
                0x00000000808003c8      0x144 board/myirtech/myd_c335x/built-in.o
                0x00000000808003c8                board_eth_init
 .text.ft_board_setup
                0x000000008080050c       0x10 board/myirtech/myd_c335x/built-in.o
                0x000000008080050c                ft_board_setup
 *(.text*)
 .text          0x000000008080051c      0x184 arch/arm/cpu/armv7/built-in.o
                0x000000008080051c                __v7_flush_dcache_all
                0x00000000808005b8                v7_flush_dcache_all
                0x00000000808005c8                __v7_invalidate_dcache_all
                0x0000000080800664                v7_invalidate_dcache_all
                0x0000000080800674                save_boot_params
                0x0000000080800680                omap_smc1
 .text.invalidate_icache_all
                0x00000000808006a0       0x14 arch/arm/cpu/armv7/built-in.o
                0x00000000808006a0                invalidate_icache_all
 .text.v7_outer_cache_enable
                0x00000000808006b4        0x2 arch/arm/cpu/armv7/built-in.o
                0x00000000808006b4                v7_outer_cache_enable
 .text.v7_outer_cache_disable
                0x00000000808006b6        0x2 arch/arm/cpu/armv7/built-in.o
                0x00000000808006b6                v7_outer_cache_disable
 .text.v7_outer_cache_flush_all
                0x00000000808006b8        0x2 arch/arm/cpu/armv7/built-in.o
                0x00000000808006b8                v7_outer_cache_flush_all
 .text.flush_dcache_all
                0x00000000808006ba        0xe arch/arm/cpu/armv7/built-in.o
                0x00000000808006ba                flush_dcache_all
 .text.v7_outer_cache_inval_all
                0x00000000808006c8        0x2 arch/arm/cpu/armv7/built-in.o
                0x00000000808006c8                v7_outer_cache_inval_all
 .text.invalidate_dcache_all
                0x00000000808006ca        0xe arch/arm/cpu/armv7/built-in.o
                0x00000000808006ca                invalidate_dcache_all
 .text.arm_init_before_mmu
                0x00000000808006d8       0x22 arch/arm/cpu/armv7/built-in.o
                0x00000000808006d8                arm_init_before_mmu
 .text.v7_outer_cache_flush_range
                0x00000000808006fa        0x2 arch/arm/cpu/armv7/built-in.o
                0x00000000808006fa                v7_outer_cache_flush_range
 .text.flush_dcache_range
                0x00000000808006fc       0x26 arch/arm/cpu/armv7/built-in.o
                0x00000000808006fc                flush_dcache_range
 .text.v7_outer_cache_inval_range
                0x0000000080800722        0x2 arch/arm/cpu/armv7/built-in.o
                0x0000000080800722                v7_outer_cache_inval_range
 .text.invalidate_dcache_range
                0x0000000080800724       0x78 arch/arm/cpu/armv7/built-in.o
                0x0000000080800724                invalidate_dcache_range
 .text.cpu_cache_initialization
                0x000000008080079c        0x2 arch/arm/cpu/armv7/built-in.o
                0x000000008080079c                cpu_cache_initialization
 .text.cleanup_before_linux_select
                0x000000008080079e       0x3e arch/arm/cpu/armv7/built-in.o
                0x000000008080079e                cleanup_before_linux_select
 .text.cleanup_before_linux
                0x00000000808007dc        0x6 arch/arm/cpu/armv7/built-in.o
                0x00000000808007dc                cleanup_before_linux
 .text.sdelay   0x00000000808007e2        0x6 arch/arm/cpu/armv7/built-in.o
                0x00000000808007e2                sdelay
 .text.reset_cpu
                0x00000000808007e8        0xc arch/arm/cpu/armv7/built-in.o
                0x00000000808007e8                reset_cpu
 .text.timer_init
                0x00000000808007f4       0x10 arch/arm/cpu/armv7/built-in.o
                0x00000000808007f4                timer_init
 .text.__udelay
                0x0000000080800804       0x2c arch/arm/cpu/armv7/built-in.o
                0x0000000080800804                __udelay
 .text.get_timer_masked
                0x0000000080800830       0x34 arch/arm/cpu/armv7/built-in.o
                0x0000000080800830                get_timer_masked
 .text.get_timer
                0x0000000080800864        0xc arch/arm/cpu/armv7/built-in.o
                0x0000000080800864                get_timer
 .text.get_ticks
                0x0000000080800870        0xa arch/arm/cpu/armv7/built-in.o
                0x0000000080800870                get_ticks
 .text.get_tbclk
                0x000000008080087a        0x6 arch/arm/cpu/armv7/built-in.o
                0x000000008080087a                get_tbclk
 .text.enable_caches
                0x0000000080800880        0x4 arch/arm/cpu/armv7/built-in.o
                0x0000000080800880                enable_caches
 .text.dram_bank_mmu_setup
                0x0000000080800884       0x26 arch/arm/cpu/armv7/built-in.o
                0x0000000080800884                dram_bank_mmu_setup
 .text.arm_init_domains
                0x00000000808008aa       0x12 arch/arm/cpu/armv7/built-in.o
                0x00000000808008aa                arm_init_domains
 .text.fb_set_reboot_flag
                0x00000000808008bc       0x24 arch/arm/cpu/armv7/built-in.o
                0x00000000808008bc                fb_set_reboot_flag
 .text.enable_gpmc_cs_config
                0x00000000808008e0       0x4c arch/arm/cpu/armv7/built-in.o
                0x00000000808008e0                enable_gpmc_cs_config
 .text.gpmc_init
                0x000000008080092c       0x64 arch/arm/cpu/armv7/built-in.o
                0x000000008080092c                gpmc_init
 .text.dram_init
                0x0000000080800990       0x16 arch/arm/cpu/armv7/built-in.o
                0x0000000080800990                dram_init
 .text.dram_init_banksize
                0x00000000808009a6       0x16 arch/arm/cpu/armv7/built-in.o
                0x00000000808009a6                dram_init_banksize
 .text.am33xx_otg0_set_phy_power
                0x00000000808009bc       0x20 arch/arm/cpu/armv7/built-in.o
 .text.am33xx_otg1_set_phy_power
                0x00000000808009dc       0x20 arch/arm/cpu/armv7/built-in.o
 .text.cpu_mmc_init
                0x00000000808009fc       0x28 arch/arm/cpu/armv7/built-in.o
                0x00000000808009fc                cpu_mmc_init
 .text.arch_misc_init
                0x0000000080800a24       0x34 arch/arm/cpu/armv7/built-in.o
                0x0000000080800a24                arch_misc_init
 .text          0x0000000080800a58       0x94 arch/arm/lib/built-in.o
                0x0000000080800a58                _main
 .text.relocate_vectors
                0x0000000080800aec       0x70 arch/arm/lib/built-in.o
                0x0000000080800aec                relocate_vectors
                0x0000000080800af8                relocate_code
 .text.arch_fixup_fdt
                0x0000000080800b5c       0x24 arch/arm/lib/built-in.o
                0x0000000080800b5c                arch_fixup_fdt
 .text.boot_jump_linux
                0x0000000080800b80       0x80 arch/arm/lib/built-in.o
 .text.arch_lmb_reserve
                0x0000000080800c00       0x1e arch/arm/lib/built-in.o
                0x0000000080800c00                arch_lmb_reserve
 .text.setup_board_tags
                0x0000000080800c1e        0x2 arch/arm/lib/built-in.o
                0x0000000080800c1e                setup_board_tags
 .text.boot_prep_linux
                0x0000000080800c20       0xf0 arch/arm/lib/built-in.o
 .text.do_bootm_linux
                0x0000000080800d10       0x44 arch/arm/lib/built-in.o
                0x0000000080800d10                do_bootm_linux
 .text.bootz_setup
                0x0000000080800d54       0x38 arch/arm/lib/built-in.o
                0x0000000080800d54                bootz_setup
 .text.boot_prep_vxworks
                0x0000000080800d8c       0x30 arch/arm/lib/built-in.o
                0x0000000080800d8c                boot_prep_vxworks
 .text.boot_jump_vxworks
                0x0000000080800dbc        0x6 arch/arm/lib/built-in.o
                0x0000000080800dbc                boot_jump_vxworks
 .text.arch_reserve_stacks
                0x0000000080800dc2       0x16 arch/arm/lib/built-in.o
                0x0000000080800dc2                arch_reserve_stacks
 .text.interrupt_init
                0x0000000080800dd8       0x14 arch/arm/lib/built-in.o
                0x0000000080800dd8                interrupt_init
 .text.enable_interrupts
                0x0000000080800dec        0x2 arch/arm/lib/built-in.o
                0x0000000080800dec                enable_interrupts
 .text.disable_interrupts
                0x0000000080800dee        0x4 arch/arm/lib/built-in.o
                0x0000000080800dee                disable_interrupts
 *fill*         0x0000000080800df2        0x2 
 .text.bad_mode
                0x0000000080800df4        0xc arch/arm/lib/built-in.o
                0x0000000080800df4                bad_mode
 .text.show_regs
                0x0000000080800e00      0x108 arch/arm/lib/built-in.o
                0x0000000080800e00                show_regs
 .text.do_undefined_instruction
                0x0000000080800f08       0x1c arch/arm/lib/built-in.o
                0x0000000080800f08                do_undefined_instruction
 .text.do_software_interrupt
                0x0000000080800f24       0x1c arch/arm/lib/built-in.o
                0x0000000080800f24                do_software_interrupt
 .text.do_prefetch_abort
                0x0000000080800f40       0x1c arch/arm/lib/built-in.o
                0x0000000080800f40                do_prefetch_abort
 .text.do_data_abort
                0x0000000080800f5c       0x1c arch/arm/lib/built-in.o
                0x0000000080800f5c                do_data_abort
 .text.do_not_used
                0x0000000080800f78       0x1c arch/arm/lib/built-in.o
                0x0000000080800f78                do_not_used
 .text.do_fiq   0x0000000080800f94       0x1c arch/arm/lib/built-in.o
                0x0000000080800f94                do_fiq
 .text.do_irq   0x0000000080800fb0       0x1c arch/arm/lib/built-in.o
                0x0000000080800fb0                do_irq
 .text.reset_misc
                0x0000000080800fcc        0x2 arch/arm/lib/built-in.o
                0x0000000080800fcc                reset_misc
 *fill*         0x0000000080800fce        0x2 
 .text.do_reset
                0x0000000080800fd0       0x28 arch/arm/lib/built-in.o
                0x0000000080800fd0                do_reset
 .text.flush_cache
                0x0000000080800ff8        0x6 arch/arm/lib/built-in.o
                0x0000000080800ff8                flush_cache
 .text.cp_delay
                0x0000000080800ffe       0x18 arch/arm/lib/built-in.o
 .text.set_section_dcache
                0x0000000080801016       0x12 arch/arm/lib/built-in.o
                0x0000000080801016                set_section_dcache
 .text.icache_enable
                0x0000000080801028       0x14 arch/arm/lib/built-in.o
                0x0000000080801028                icache_enable
 .text.icache_disable
                0x000000008080103c       0x1c arch/arm/lib/built-in.o
                0x000000008080103c                icache_disable
 .text.dcache_enable
                0x0000000080801058       0x6a arch/arm/lib/built-in.o
                0x0000000080801058                dcache_enable
 .text.dcache_disable
                0x00000000808010c2       0x24 arch/arm/lib/built-in.o
                0x00000000808010c2                dcache_disable
 .text.dcache_status
                0x00000000808010e6        0xa arch/arm/lib/built-in.o
                0x00000000808010e6                dcache_status
 .text.do_go_exec
                0x00000000808010f0        0x8 cmd/built-in.o
                0x00000000808010f0                do_go_exec
 .text.do_go    0x00000000808010f8       0x4c cmd/built-in.o
 .text.do_bootm
                0x0000000080801144       0xa4 cmd/built-in.o
                0x0000000080801144                do_bootm
 .text.do_bootd
                0x00000000808011e8       0x18 cmd/built-in.o
                0x00000000808011e8                do_bootd
 .text.image_info
                0x0000000080801200       0x8c cmd/built-in.o
 .text.do_iminfo
                0x000000008080128c       0x40 cmd/built-in.o
 .text.bootm_maybe_autostart
                0x00000000808012cc       0x4c cmd/built-in.o
                0x00000000808012cc                bootm_maybe_autostart
 .text.do_bootz
                0x0000000080801318       0x98 cmd/built-in.o
                0x0000000080801318                do_bootz
 .text.do_help  0x00000000808013b0       0x2c cmd/built-in.o
 .text.do_version
                0x00000000808013dc       0x2c cmd/built-in.o
 .text.source   0x0000000080801408       0x90 cmd/built-in.o
                0x0000000080801408                source
 .text.do_source
                0x0000000080801498       0x30 cmd/built-in.o
 .text.print_num
                0x00000000808014c8       0x10 cmd/built-in.o
 .text.do_bdinfo
                0x00000000808014d8      0x124 cmd/built-in.o
 .text.bootefi_open_dp
                0x00000000808015fc        0xc cmd/built-in.o
 .text.do_bootefi_exec
                0x0000000080801608      0x170 cmd/built-in.o
 .text.do_bootefi
                0x0000000080801778       0x58 cmd/built-in.o
 .text.efi_set_bootdev
                0x00000000808017d0       0xbc cmd/built-in.o
                0x00000000808017d0                efi_set_bootdev
 .text.do_coninfo
                0x000000008080188c       0x84 cmd/built-in.o
 .text.do_echo  0x0000000080801910       0x74 cmd/built-in.o
 .text.load_elf_image_shdr
                0x0000000080801984       0x4a cmd/built-in.o
 *fill*         0x00000000808019ce        0x2 
 .text.valid_elf_image
                0x00000000808019d0       0x30 cmd/built-in.o
                0x00000000808019d0                valid_elf_image
 .text.do_bootelf
                0x0000000080801a00      0x108 cmd/built-in.o
                0x0000000080801a00                do_bootelf
 .text.do_bootvx
                0x0000000080801b08      0x23c cmd/built-in.o
                0x0000000080801b08                do_bootvx
 .text.do_exit  0x0000000080801d44       0x20 cmd/built-in.o
 .text.do_ext4_size
                0x0000000080801d64        0xe cmd/built-in.o
                0x0000000080801d64                do_ext4_size
 .text.do_ext4_load
                0x0000000080801d72        0xe cmd/built-in.o
                0x0000000080801d72                do_ext4_load
 .text.do_ext4_ls
                0x0000000080801d80        0xe cmd/built-in.o
                0x0000000080801d80                do_ext4_ls
 .text.do_ext4_write
                0x0000000080801d8e        0xe cmd/built-in.o
                0x0000000080801d8e                do_ext4_write
 .text.do_ext2load
                0x0000000080801d9c        0xe cmd/built-in.o
                0x0000000080801d9c                do_ext2load
 .text.do_ext2ls
                0x0000000080801daa        0xe cmd/built-in.o
 .text.do_fat_size
                0x0000000080801db8        0xe cmd/built-in.o
                0x0000000080801db8                do_fat_size
 .text.do_fat_fsload
                0x0000000080801dc6        0xe cmd/built-in.o
                0x0000000080801dc6                do_fat_fsload
 .text.do_fat_ls
                0x0000000080801dd4        0xe cmd/built-in.o
 *fill*         0x0000000080801de2        0x2 
 .text.do_fat_fsinfo
                0x0000000080801de4       0x58 cmd/built-in.o
 .text.do_fat_fswrite
                0x0000000080801e3c       0xb0 cmd/built-in.o
 .text.fdt_valid
                0x0000000080801eec       0x74 cmd/built-in.o
 .text.is_printable_string
                0x0000000080801f60       0x50 cmd/built-in.o
 .text.print_data
                0x0000000080801fb0      0x108 cmd/built-in.o
 .text.set_working_fdt_addr
                0x00000000808020b8       0x14 cmd/built-in.o
                0x00000000808020b8                set_working_fdt_addr
 .text.do_fdt   0x00000000808020cc      0x990 cmd/built-in.o
 .text.do_size_wrapper
                0x0000000080802a5c        0xe cmd/built-in.o
 *fill*         0x0000000080802a6a        0x2 
 .text.do_load_wrapper
                0x0000000080802a6c       0x40 cmd/built-in.o
 .text.do_save_wrapper
                0x0000000080802aac        0xe cmd/built-in.o
 .text.do_ls_wrapper
                0x0000000080802aba        0xe cmd/built-in.o
 .text.do_fstype_wrapper
                0x0000000080802ac8        0x4 cmd/built-in.o
 .text.gpio_get_description
                0x0000000080802acc       0x78 cmd/built-in.o
 .text.do_gpio  0x0000000080802b44      0x210 cmd/built-in.o
 .text.do_i2c   0x0000000080802d54       0x3c cmd/built-in.o
 .text.do_i2c_bus_speed
                0x0000000080802d90       0x50 cmd/built-in.o
 .text.do_i2c_reset
                0x0000000080802de0       0x20 cmd/built-in.o
 .text.do_i2c_probe
                0x0000000080802e00       0x5c cmd/built-in.o
 .text.do_i2c_bus_num
                0x0000000080802e5c       0x7c cmd/built-in.o
 .text.do_i2c_show_bus
                0x0000000080802ed8       0x8c cmd/built-in.o
 .text.get_alen.constprop.5
                0x0000000080802f64       0x1c cmd/built-in.o
 .text.do_i2c_crc
                0x0000000080802f80       0xb8 cmd/built-in.o
 .text.mod_i2c_mem.isra.3
                0x0000000080803038      0x148 cmd/built-in.o
 .text.do_i2c_nm
                0x0000000080803180        0x6 cmd/built-in.o
 .text.do_i2c_mm
                0x0000000080803186        0x6 cmd/built-in.o
 .text.do_i2c_md
                0x000000008080318c      0x13c cmd/built-in.o
 .text.do_i2c_read
                0x00000000808032c8       0x78 cmd/built-in.o
 .text.do_i2c_mw
                0x0000000080803340       0xa4 cmd/built-in.o
 .text.do_i2c_write
                0x00000000808033e4       0xdc cmd/built-in.o
 .text.do_i2c_loop
                0x00000000808034c0       0x9c cmd/built-in.o
 .text.i2c_init_board
                0x000000008080355c        0x2 cmd/built-in.o
                0x000000008080355c                i2c_init_board
 .text.evalexp  0x000000008080355e       0x42 cmd/built-in.o
 .text.evalstr  0x00000000808035a0       0x3c cmd/built-in.o
 .text.binary_test
                0x00000000808035dc      0x128 cmd/built-in.o
 .text.do_itest
                0x0000000080803704       0x4c cmd/built-in.o
 .text.bin_data_init
                0x0000000080803750       0x1c cmd/built-in.o
 .text.k_data_save
                0x000000008080376c       0x34 cmd/built-in.o
 .text.k_data_restore
                0x00000000808037a0       0x34 cmd/built-in.o
 .text.getcxmodem
                0x00000000808037d4       0x16 cmd/built-in.o
 *fill*         0x00000000808037ea        0x2 
 .text.load_serial_ymodem
                0x00000000808037ec       0x88 cmd/built-in.o
 .text.bin_data_char
                0x0000000080803874       0x1c cmd/built-in.o
 .text.chk1.constprop.1
                0x0000000080803890       0x20 cmd/built-in.o
 .text.s1_sendpacket.constprop.2
                0x00000000808038b0       0x34 cmd/built-in.o
 .text.load_serial
                0x00000000808038e4      0x130 cmd/built-in.o
 .text.do_load_serial
                0x0000000080803a14       0x90 cmd/built-in.o
 .text.do_load_serial_bin
                0x0000000080803aa4      0x52c cmd/built-in.o
 .text.do_mem_mw
                0x0000000080803fd0       0x80 cmd/built-in.o
 .text.do_mem_loop
                0x0000000080804050       0x82 cmd/built-in.o
 *fill*         0x00000000808040d2        0x2 
 .text.do_mem_md
                0x00000000808040d4       0xa0 cmd/built-in.o
 .text.do_mem_base
                0x0000000080804174       0x28 cmd/built-in.o
 .text.do_mem_cp
                0x000000008080419c       0x8c cmd/built-in.o
 .text.do_mem_cmp
                0x0000000080804228       0xfc cmd/built-in.o
 .text.do_mem_crc
                0x0000000080804324       0x2c cmd/built-in.o
 .text.mod_mem.isra.0
                0x0000000080804350       0xf4 cmd/built-in.o
 .text.do_mem_mm
                0x0000000080804444        0x6 cmd/built-in.o
 .text.do_mem_nm
                0x000000008080444a        0x6 cmd/built-in.o
 .text.extract_range
                0x0000000080804450       0x7c cmd/built-in.o
 .text.do_mii   0x00000000808044cc      0x61c cmd/built-in.o
 .text.do_mdio  0x0000000080804ae8      0x320 cmd/built-in.o
 .text.do_sleep
                0x0000000080804e08       0x46 cmd/built-in.o
 *fill*         0x0000000080804e4e        0x2 
 .text.do_mmcops
                0x0000000080804e50       0x7c cmd/built-in.o
 .text.init_mmc_device
                0x0000000080804ecc       0x34 cmd/built-in.o
 .text.do_mmc_rescan
                0x0000000080804f00       0x18 cmd/built-in.o
 .text.do_mmc_hwpartition
                0x0000000080804f18      0x3a4 cmd/built-in.o
 .text.do_mmc_list
                0x00000000808052bc        0xc cmd/built-in.o
 .text.do_mmc_dev
                0x00000000808052c8       0xc4 cmd/built-in.o
 .text.do_mmc_part
                0x000000008080538c       0x38 cmd/built-in.o
 .text.do_mmc_erase
                0x00000000808053c4       0x9c cmd/built-in.o
 .text.do_mmc_write
                0x0000000080805460       0xb0 cmd/built-in.o
 .text.do_mmc_read
                0x0000000080805510       0xa8 cmd/built-in.o
 .text.do_mmcinfo
                0x00000000808055b8      0x294 cmd/built-in.o
 .text.do_mmc_setdsr
                0x000000008080584c       0x74 cmd/built-in.o
 .text.part_delall
                0x00000000808058c0       0x26 cmd/built-in.o
 .text.memsize_parse
                0x00000000808058e6       0x48 cmd/built-in.o
 *fill*         0x000000008080592e        0x2 
 .text.mtd_part_info
                0x0000000080805930       0x5c cmd/built-in.o
 .text.memsize_format
                0x000000008080598c       0x6c cmd/built-in.o
 .text.index_partitions
                0x00000000808059f8       0x68 cmd/built-in.o
 .text.current_save
                0x0000000080805a60       0x78 cmd/built-in.o
 .text.part_sort_add
                0x0000000080805ad8       0xc0 cmd/built-in.o
 .text.device_del
                0x0000000080805b98       0x50 cmd/built-in.o
 .text.generate_mtdparts_save.constprop.6
                0x0000000080805be8      0x1b8 cmd/built-in.o
 .text.device_delall.constprop.8
                0x0000000080805da0       0x3c cmd/built-in.o
 .text.mtd_devices_init
                0x0000000080805ddc       0x20 cmd/built-in.o
 .text.get_mtd_info.constprop.9
                0x0000000080805dfc       0x58 cmd/built-in.o
 .text.part_validate
                0x0000000080805e54      0x24c cmd/built-in.o
 .text.device_find
                0x00000000808060a0       0x28 cmd/built-in.o
                0x00000000808060a0                device_find
 .text.device_parse
                0x00000000808060c8      0x374 cmd/built-in.o
 .text.mtd_id_parse
                0x000000008080643c       0xa0 cmd/built-in.o
                0x000000008080643c                mtd_id_parse
 .text.find_dev_and_part
                0x00000000808064dc      0x11c cmd/built-in.o
                0x00000000808064dc                find_dev_and_part
 .text.mtdparts_init
                0x00000000808065f8      0x42c cmd/built-in.o
                0x00000000808065f8                mtdparts_init
 .text.do_chpart
                0x0000000080806a24       0x88 cmd/built-in.o
 .text.do_mtdparts
                0x0000000080806aac      0x3dc cmd/built-in.o
 .text.set_dev  0x0000000080806e88       0x3c cmd/built-in.o
 .text.nand_print_and_set_info
                0x0000000080806ec4       0xb4 cmd/built-in.o
 .text.do_nand  0x0000000080806f78      0x878 cmd/built-in.o
 .text.nand_load_image
                0x00000000808077f0      0x128 cmd/built-in.o
 .text.do_nandboot
                0x0000000080807918      0x158 cmd/built-in.o
 .text.netboot_common
                0x0000000080807a70      0x1cc cmd/built-in.o
 .text.do_bootp
                0x0000000080807c3c        0x8 cmd/built-in.o
 .text.do_dhcp  0x0000000080807c44        0x8 cmd/built-in.o
 .text.do_nfs   0x0000000080807c4c        0x8 cmd/built-in.o
 .text.do_tftpb
                0x0000000080807c54       0x26 cmd/built-in.o
                0x0000000080807c54                do_tftpb
 *fill*         0x0000000080807c7a        0x2 
 .text.do_ping  0x0000000080807c7c       0x48 cmd/built-in.o
 .text.do_part_list
                0x0000000080807cc4       0xec cmd/built-in.o
 .text.do_part_start
                0x0000000080807db0       0x84 cmd/built-in.o
 .text.do_part_size
                0x0000000080807e34       0x84 cmd/built-in.o
 .text.do_part  0x0000000080807eb8       0xb0 cmd/built-in.o
 .text.eol_or_eof
                0x0000000080807f68       0x12 cmd/built-in.o
 *fill*         0x0000000080807f7a        0x2 
 .text.do_pxe   0x0000000080807f7c       0x48 cmd/built-in.o
 .text.label_print
                0x0000000080807fc4       0x14 cmd/built-in.o
 .text.do_get_tftp
                0x0000000080807fd8       0x2c cmd/built-in.o
 .text.from_env
                0x0000000080808004       0x1c cmd/built-in.o
 .text.get_string
                0x0000000080808020       0x84 cmd/built-in.o
 .text.label_destroy
                0x00000000808080a4       0x3e cmd/built-in.o
 .text.destroy_pxe_menu
                0x00000000808080e2       0x36 cmd/built-in.o
 .text.get_token
                0x0000000080808118       0xa4 cmd/built-in.o
 .text.parse_sliteral
                0x00000000808081bc       0x34 cmd/built-in.o
 .text.parse_integer
                0x00000000808081f0       0x44 cmd/built-in.o
 .text.do_get_any
                0x0000000080808234       0x2c cmd/built-in.o
 .text.do_get_fat
                0x0000000080808260       0x28 cmd/built-in.o
 .text.do_get_ext2
                0x0000000080808288       0x28 cmd/built-in.o
 .text.format_mac_pxe.constprop.6
                0x00000000808082b0       0x54 cmd/built-in.o
 .text.get_relfile
                0x0000000080808304       0xcc cmd/built-in.o
 .text.get_pxe_file
                0x00000000808083d0       0x3c cmd/built-in.o
 .text.handle_include
                0x000000008080840c       0x64 cmd/built-in.o
 .text.parse_pxefile_top
                0x0000000080808470      0x308 cmd/built-in.o
 .text.parse_pxefile
                0x0000000080808778       0x40 cmd/built-in.o
 .text.get_pxelinux_path
                0x00000000808087b8       0x50 cmd/built-in.o
 .text.do_pxe_get
                0x0000000080808808       0xe4 cmd/built-in.o
 .text.get_relfile_envaddr
                0x00000000808088ec       0x34 cmd/built-in.o
 .text.label_boot
                0x0000000080808920      0x3b4 cmd/built-in.o
 .text.handle_pxe_menu
                0x0000000080808cd4       0xd8 cmd/built-in.o
 .text.do_pxe_boot
                0x0000000080808dac       0x94 cmd/built-in.o
 .text.do_sysboot
                0x0000000080808e40      0x13c cmd/built-in.o
 .text.do_false
                0x0000000080808f7c        0x4 cmd/built-in.o
 .text.do_true  0x0000000080808f80        0x4 cmd/built-in.o
 .text.do_test  0x0000000080808f84      0x200 cmd/built-in.o
 .text.usb_get_class_desc
                0x0000000080809184       0x74 cmd/built-in.o
 .text.usb_find_device
                0x00000000808091f8       0x1e cmd/built-in.o
 *fill*         0x0000000080809216        0x2 
 .text.usb_show_tree_graph
                0x0000000080809218      0x180 cmd/built-in.o
 .text.usb_display_class_sub
                0x0000000080809398       0xf4 cmd/built-in.o
 .text.usb_display_string
                0x000000008080948c       0x2c cmd/built-in.o
 .text.usb_display_config
                0x00000000808094b8      0x1a8 cmd/built-in.o
 .text.do_usbboot
                0x0000000080809660        0xc cmd/built-in.o
 .text.usb_display_desc.part.1
                0x000000008080966c       0xd0 cmd/built-in.o
 .text.do_usb_start
                0x000000008080973c       0x20 cmd/built-in.o
 .text.usb_show_tree
                0x000000008080975c       0x30 cmd/built-in.o
                0x000000008080975c                usb_show_tree
 .text.do_usb   0x000000008080978c      0x4c4 cmd/built-in.o
 .text.do_fastboot
                0x0000000080809c50       0x94 cmd/built-in.o
 .text.do_imgextract
                0x0000000080809ce4      0x1dc cmd/built-in.o
 .text.do_spl   0x0000000080809ec0      0x100 cmd/built-in.o
 .text.extract_val
                0x0000000080809fc0       0x5c cmd/built-in.o
 .text.extract_env
                0x000000008080a01c       0x80 cmd/built-in.o
 .text.set_gpt_info.isra.1.constprop.2
                0x000000008080a09c      0x28c cmd/built-in.o
 .text.do_gpt   0x000000008080a328      0x1dc cmd/built-in.o
 .text.do_env_delete
                0x000000008080a504       0x6c cmd/built-in.o
 .text.do_env_exists
                0x000000008080a570       0x40 cmd/built-in.o
 .text.do_env_save
                0x000000008080a5b0       0x20 cmd/built-in.o
 .text.do_env   0x000000008080a5d0       0x3c cmd/built-in.o
 .text.env_print
                0x000000008080a60c       0x74 cmd/built-in.o
 .text.do_env_print
                0x000000008080a680       0x80 cmd/built-in.o
 .text.do_env_import
                0x000000008080a700      0x190 cmd/built-in.o
 .text.do_env_default
                0x000000008080a890       0x54 cmd/built-in.o
 .text._do_env_set.isra.0
                0x000000008080a8e4      0x12c cmd/built-in.o
 .text.do_env_set
                0x000000008080aa10       0x14 cmd/built-in.o
 .text.do_env_ask
                0x000000008080aa24       0xe8 cmd/built-in.o
                0x000000008080aa24                do_env_ask
 .text.get_env_id
                0x000000008080ab0c        0xc cmd/built-in.o
                0x000000008080ab0c                get_env_id
 .text.setenv   0x000000008080ab18       0x3c cmd/built-in.o
                0x000000008080ab18                setenv
 .text.setenv_ulong
                0x000000008080ab54       0x16 cmd/built-in.o
                0x000000008080ab54                setenv_ulong
 *fill*         0x000000008080ab6a        0x2 
 .text.setenv_hex
                0x000000008080ab6c       0x20 cmd/built-in.o
                0x000000008080ab6c                setenv_hex
 .text.do_env_export
                0x000000008080ab8c      0x16c cmd/built-in.o
 .text.envmatch
                0x000000008080acf8       0x3c cmd/built-in.o
                0x000000008080acf8                envmatch
 .text.getenv_f
                0x000000008080ad34       0x84 cmd/built-in.o
                0x000000008080ad34                getenv_f
 .text.getenv   0x000000008080adb8       0x54 cmd/built-in.o
                0x000000008080adb8                getenv
 .text.getenv_hex
                0x000000008080ae0c       0x22 cmd/built-in.o
                0x000000008080ae0c                getenv_hex
 .text.getenv_ulong
                0x000000008080ae2e       0x1c cmd/built-in.o
                0x000000008080ae2e                getenv_ulong
 *fill*         0x000000008080ae4a        0x2 
 .text.do_env_edit.part.2
                0x000000008080ae4c       0x70 cmd/built-in.o
 .text.do_env_edit
                0x000000008080aebc       0x1c cmd/built-in.o
 .text.common_diskboot
                0x000000008080aed8      0x180 cmd/built-in.o
                0x000000008080aed8                common_diskboot
 .text.board_init_f_alloc_reserve
                0x000000008080b058        0xa common/built-in.o
                0x000000008080b058                board_init_f_alloc_reserve
 .text.board_init_f_init_reserve
                0x000000008080b062       0x14 common/built-in.o
                0x000000008080b062                board_init_f_init_reserve
 .text.show_boot_progress
                0x000000008080b076        0x2 common/built-in.o
                0x000000008080b076                show_boot_progress
 .text.main_loop
                0x000000008080b078       0x34 common/built-in.o
                0x000000008080b078                main_loop
 .text.dummy    0x000000008080b0ac        0x2 common/built-in.o
 .text.get_version
                0x000000008080b0ae        0x4 common/built-in.o
                0x000000008080b0ae                get_version
 *fill*         0x000000008080b0b2        0x2 
 .text.jumptable_init
                0x000000008080b0b4      0x164 common/built-in.o
                0x000000008080b0b4                jumptable_init
 .text.hash_command
                0x000000008080b218       0x70 common/built-in.o
                0x000000008080b218                hash_command
 .text.b_reset  0x000000008080b288        0xe common/built-in.o
 .text.static_get
                0x000000008080b296       0x12 common/built-in.o
 .text.file_peek
                0x000000008080b2a8        0x6 common/built-in.o
 *fill*         0x000000008080b2ae        0x2 
 .text.mapset   0x000000008080b2b0       0x14 common/built-in.o
 .text.syntax_err
                0x000000008080b2c4        0xc common/built-in.o
 .text.free_pipe_list
                0x000000008080b2d0       0x96 common/built-in.o
 *fill*         0x000000008080b366        0x2 
 .text.xmalloc  0x000000008080b368       0x18 common/built-in.o
 .text.new_pipe
                0x000000008080b380       0x16 common/built-in.o
 *fill*         0x000000008080b396        0x2 
 .text.xrealloc
                0x000000008080b398       0x18 common/built-in.o
 .text.done_command
                0x000000008080b3b0       0x42 common/built-in.o
 .text.done_pipe
                0x000000008080b3f2       0x2a common/built-in.o
 .text.done_word
                0x000000008080b41c      0x1cc common/built-in.o
 .text.do_showvar
                0x000000008080b5e8       0xa0 common/built-in.o
 .text.is_assignment
                0x000000008080b688       0x2c common/built-in.o
 .text.file_get
                0x000000008080b6b4      0x134 common/built-in.o
 .text.b_addchr
                0x000000008080b7e8       0x42 common/built-in.o
 *fill*         0x000000008080b82a        0x2 
 .text.b_addqchr
                0x000000008080b82c       0x30 common/built-in.o
 .text.static_peek
                0x000000008080b85c        0x6 common/built-in.o
 *fill*         0x000000008080b862        0x2 
 .text.get_local_var
                0x000000008080b864       0x58 common/built-in.o
                0x000000008080b864                get_local_var
 .text.set_local_var
                0x000000008080b8bc      0x10c common/built-in.o
                0x000000008080b8bc                set_local_var
 .text.insert_var_value_sub
                0x000000008080b9c8      0x1c0 common/built-in.o
 .text.parse_string_outer
                0x000000008080bb88       0x94 common/built-in.o
                0x000000008080bb88                parse_string_outer
 .text.run_list_real
                0x000000008080bc1c      0x4d4 common/built-in.o
 .text.parse_stream_outer
                0x000000008080c0f0      0x43c common/built-in.o
 .text.parse_file_outer
                0x000000008080c52c       0x2c common/built-in.o
                0x000000008080c52c                parse_file_outer
 .text.u_boot_hush_start
                0x000000008080c558       0x30 common/built-in.o
                0x000000008080c558                u_boot_hush_start
 .text.bootdelay_process
                0x000000008080c588       0x34 common/built-in.o
                0x000000008080c588                bootdelay_process
 .text.autoboot_command
                0x000000008080c5bc      0x158 common/built-in.o
                0x000000008080c5bc                autoboot_command
 .text.print_cpuinfo
                0x000000008080c714        0x4 common/built-in.o
 .text.setup_mon_len
                0x000000008080c718       0x18 common/built-in.o
 .text.reserve_round_4k
                0x000000008080c730       0x14 common/built-in.o
 .text.reserve_mmu
                0x000000008080c744       0x2e common/built-in.o
 .text.reserve_uboot
                0x000000008080c772       0x2a common/built-in.o
 .text.reserve_malloc
                0x000000008080c79c       0x10 common/built-in.o
 .text.setup_machine
                0x000000008080c7ac        0xe common/built-in.o
 .text.reserve_global_data
                0x000000008080c7ba       0x16 common/built-in.o
 .text.reserve_fdt
                0x000000008080c7d0       0x3a common/built-in.o
 .text.initf_console_record
                0x000000008080c80a        0x4 common/built-in.o
 .text.arch_cpu_init_dm
                0x000000008080c80e        0x4 common/built-in.o
                0x000000008080c80e                arch_cpu_init_dm
 .text.init_func_watchdog_reset
                0x000000008080c812        0xa common/built-in.o
                0x000000008080c812                init_func_watchdog_reset
 .text.announce_dram_init
                0x000000008080c81c       0x10 common/built-in.o
 .text.init_func_watchdog_init
                0x000000008080c82c       0x14 common/built-in.o
 .text.init_func_i2c
                0x000000008080c840       0x20 common/built-in.o
 .text.init_baud_rate
                0x000000008080c860       0x1c common/built-in.o
 .text.mark_bootstage
                0x000000008080c87c        0xc common/built-in.o
 .text.initf_dm
                0x000000008080c888        0x6 common/built-in.o
 .text.setup_reloc
                0x000000008080c88e       0x26 common/built-in.o
 .text.reloc_fdt
                0x000000008080c8b4       0x2c common/built-in.o
 .text.reserve_board
                0x000000008080c8e0       0x28 common/built-in.o
 .text.reserve_arch
                0x000000008080c908        0x4 common/built-in.o
                0x000000008080c908                reserve_arch
 .text.display_text_info
                0x000000008080c90c        0x4 common/built-in.o
 .text.arch_cpu_init
                0x000000008080c910        0x4 common/built-in.o
                0x000000008080c910                arch_cpu_init
 .text.reserve_trace
                0x000000008080c914        0x4 common/built-in.o
 .text.display_new_sp
                0x000000008080c918        0x4 common/built-in.o
 .text.coloured_LED_init
                0x000000008080c91c        0x2 common/built-in.o
                0x000000008080c91c                coloured_LED_init
 .text.red_led_on
                0x000000008080c91e        0x2 common/built-in.o
                0x000000008080c91e                red_led_on
 .text.board_add_ram_info
                0x000000008080c920        0x2 common/built-in.o
                0x000000008080c920                board_add_ram_info
 *fill*         0x000000008080c922        0x2 
 .text.show_dram_config
                0x000000008080c924       0x28 common/built-in.o
 .text.setup_dram_config
                0x000000008080c94c        0xa common/built-in.o
 .text.board_get_usable_ram_top
                0x000000008080c956       0x10 common/built-in.o
                0x000000008080c956                board_get_usable_ram_top
 .text.board_reserve_ram_top
                0x000000008080c966        0x2 common/built-in.o
                0x000000008080c966                board_reserve_ram_top
 .text.setup_dest_addr
                0x000000008080c968       0x3c common/built-in.o
 .text.reserve_stacks
                0x000000008080c9a4       0x1a common/built-in.o
 *fill*         0x000000008080c9be        0x2 
 .text.board_init_f
                0x000000008080c9c0       0x20 common/built-in.o
                0x000000008080c9c0                board_init_f
 .text.bootstage_relocate
                0x000000008080c9e0        0x4 common/built-in.o
 .text.initr_reloc
                0x000000008080c9e4       0x14 common/built-in.o
 .text.power_init_board
                0x000000008080c9f8        0x4 common/built-in.o
                0x000000008080c9f8                power_init_board
 .text.initr_announce
                0x000000008080c9fc        0x4 common/built-in.o
 .text.run_main_loop
                0x000000008080ca00        0x8 common/built-in.o
 .text.initr_net
                0x000000008080ca08       0x14 common/built-in.o
 .text.initr_ethaddr
                0x000000008080ca1c       0x18 common/built-in.o
 .text.initr_status_led
                0x000000008080ca34        0xe common/built-in.o
 .text.initr_enable_interrupts
                0x000000008080ca42        0xa common/built-in.o
 .text.initr_jumptable
                0x000000008080ca4c        0xa common/built-in.o
 *fill*         0x000000008080ca56        0x2 
 .text.initr_env
                0x000000008080ca58       0x20 common/built-in.o
 .text.initr_mmc
                0x000000008080ca78       0x18 common/built-in.o
 .text.initr_nand
                0x000000008080ca90       0x14 common/built-in.o
 .text.initr_serial
                0x000000008080caa4        0xa common/built-in.o
 .text.initr_bootstage
                0x000000008080caae        0xc common/built-in.o
 .text.initr_dm
                0x000000008080caba       0x12 common/built-in.o
 .text.initr_malloc
                0x000000008080cacc       0x16 common/built-in.o
 *fill*         0x000000008080cae2        0x2 
 .text.initr_reloc_global_data
                0x000000008080cae4       0x28 common/built-in.o
 .text.initr_caches
                0x000000008080cb0c        0xa common/built-in.o
 .text.initr_console_record
                0x000000008080cb16        0x4 common/built-in.o
 .text.initr_trace
                0x000000008080cb1a        0x4 common/built-in.o
 .text.initr_barrier
                0x000000008080cb1e        0x4 common/built-in.o
 .text.cpu_secondary_init_r
                0x000000008080cb22        0x2 common/built-in.o
                0x000000008080cb22                cpu_secondary_init_r
 .text.initr_secondary_cpu
                0x000000008080cb24        0xa common/built-in.o
 *fill*         0x000000008080cb2e        0x2 
 .text.board_init_r
                0x000000008080cb30       0x10 common/built-in.o
                0x000000008080cb30                board_init_r
 .text.bootm_find_images
                0x000000008080cb40       0x6c common/built-in.o
                0x000000008080cb40                bootm_find_images
 .text.bootm_decomp_image
                0x000000008080cbac      0x100 common/built-in.o
                0x000000008080cbac                bootm_decomp_image
 .text.bootm_disable_interrupts
                0x000000008080ccac       0x10 common/built-in.o
                0x000000008080ccac                bootm_disable_interrupts
 .text.do_bootm_states
                0x000000008080ccbc      0x570 common/built-in.o
                0x000000008080ccbc                do_bootm_states
 .text.copy_args
                0x000000008080d22c       0x3a common/built-in.o
 *fill*         0x000000008080d266        0x2 
 .text.do_bootm_rtems
                0x000000008080d268       0x2c common/built-in.o
 .text.do_bootm_plan9
                0x000000008080d294       0x68 common/built-in.o
 .text.do_bootm_standalone
                0x000000008080d2fc       0x3c common/built-in.o
 .text.do_bootm_qnxelf
                0x000000008080d338       0x38 common/built-in.o
 .text.do_bootm_netbsd
                0x000000008080d370       0xa4 common/built-in.o
 .text.do_bootvx_fdt
                0x000000008080d414       0xc0 common/built-in.o
                0x000000008080d414                do_bootvx_fdt
 .text.do_bootm_vxworks
                0x000000008080d4d4       0x16 common/built-in.o
 .text.arch_preboot_os
                0x000000008080d4ea        0x2 common/built-in.o
                0x000000008080d4ea                arch_preboot_os
 .text.boot_selected_os
                0x000000008080d4ec       0x3a common/built-in.o
                0x000000008080d4ec                boot_selected_os
 *fill*         0x000000008080d526        0x2 
 .text.bootm_os_get_boot_func
                0x000000008080d528        0xc common/built-in.o
                0x000000008080d528                bootm_os_get_boot_func
 .text.regex_callback
                0x000000008080d534       0xd0 common/built-in.o
 .text.env_attr_walk
                0x000000008080d604       0xbe common/built-in.o
                0x000000008080d604                env_attr_walk
 *fill*         0x000000008080d6c2        0x2 
 .text.env_attr_lookup
                0x000000008080d6c4       0x50 common/built-in.o
                0x000000008080d6c4                env_attr_lookup
 .text.clear_callback
                0x000000008080d714        0x8 common/built-in.o
 .text.find_env_callback
                0x000000008080d71c       0x3c common/built-in.o
 .text.on_callbacks
                0x000000008080d758       0x38 common/built-in.o
 .text.set_callback
                0x000000008080d790       0x50 common/built-in.o
 .text.env_callback_init
                0x000000008080d7e0       0x78 common/built-in.o
                0x000000008080d7e0                env_callback_init
 .text.skip_num
                0x000000008080d858       0x44 common/built-in.o
 .text.clear_flags
                0x000000008080d89c        0x8 common/built-in.o
 .text.on_flags
                0x000000008080d8a4       0x38 common/built-in.o
 .text.env_flags_parse_vartype
                0x000000008080d8dc       0x30 common/built-in.o
                0x000000008080d8dc                env_flags_parse_vartype
 .text.env_flags_parse_varaccess
                0x000000008080d90c       0x38 common/built-in.o
                0x000000008080d90c                env_flags_parse_varaccess
 .text.set_flags
                0x000000008080d944       0x68 common/built-in.o
 .text.eth_validate_ethaddr_str
                0x000000008080d9ac       0x50 common/built-in.o
                0x000000008080d9ac                eth_validate_ethaddr_str
 .text.env_flags_init
                0x000000008080d9fc       0x90 common/built-in.o
                0x000000008080d9fc                env_flags_init
 .text.env_flags_validate
                0x000000008080da8c      0x1c0 common/built-in.o
                0x000000008080da8c                env_flags_validate
 .text.readenv  0x000000008080dc4c       0x88 common/built-in.o
 .text.erase_and_write_env
                0x000000008080dcd4       0xb8 common/built-in.o
 .text.env_init
                0x000000008080dd8c       0x14 common/built-in.o
                0x000000008080dd8c                env_init
 .text.saveenv  0x000000008080dda0       0x80 common/built-in.o
                0x000000008080dda0                saveenv
 .text.env_relocate_spec
                0x000000008080de20      0x120 common/built-in.o
                0x000000008080de20                env_relocate_spec
 .text.fdt_find_and_setprop
                0x000000008080df40       0x48 common/built-in.o
                0x000000008080df40                fdt_find_and_setprop
 .text.fdt_find_or_add_subnode
                0x000000008080df88       0x40 common/built-in.o
                0x000000008080df88                fdt_find_or_add_subnode
 .text.fdt_root
                0x000000008080dfc8       0x60 common/built-in.o
                0x000000008080dfc8                fdt_root
 .text.fdt_initrd
                0x000000008080e028      0x12c common/built-in.o
                0x000000008080e028                fdt_initrd
 .text.fdt_chosen
                0x000000008080e154       0x6c common/built-in.o
                0x000000008080e154                fdt_chosen
 .text.do_fixup_by_path
                0x000000008080e1c0       0x34 common/built-in.o
                0x000000008080e1c0                do_fixup_by_path
 .text.fdt_fixup_memory_banks
                0x000000008080e1f4      0x128 common/built-in.o
                0x000000008080e1f4                fdt_fixup_memory_banks
 .text.fdt_fixup_memory
                0x000000008080e31c       0x16 common/built-in.o
                0x000000008080e31c                fdt_fixup_memory
 *fill*         0x000000008080e332        0x2 
 .text.fdt_fixup_ethernet
                0x000000008080e334      0x104 common/built-in.o
                0x000000008080e334                fdt_fixup_ethernet
 .text.fdt_shrink_to_minimum
                0x000000008080e438       0x84 common/built-in.o
                0x000000008080e438                fdt_shrink_to_minimum
 .text.miiphy_get_dev_by_name
                0x000000008080e4bc       0x38 common/built-in.o
                0x000000008080e4bc                miiphy_get_dev_by_name
 .text.miiphy_init
                0x000000008080e4f4       0x18 common/built-in.o
                0x000000008080e4f4                miiphy_init
 .text.mdio_alloc
                0x000000008080e50c       0x1c common/built-in.o
                0x000000008080e50c                mdio_alloc
 .text.mdio_register
                0x000000008080e528       0x50 common/built-in.o
                0x000000008080e528                mdio_register
 .text.mdio_list_devices
                0x000000008080e578       0x74 common/built-in.o
                0x000000008080e578                mdio_list_devices
 .text.miiphy_set_current_dev
                0x000000008080e5ec       0x28 common/built-in.o
                0x000000008080e5ec                miiphy_set_current_dev
 .text.miiphy_get_active_dev
                0x000000008080e614       0x30 common/built-in.o
 .text.mdio_get_current_dev
                0x000000008080e644        0xc common/built-in.o
                0x000000008080e644                mdio_get_current_dev
 .text.mdio_phydev_for_ethname
                0x000000008080e650       0x54 common/built-in.o
                0x000000008080e650                mdio_phydev_for_ethname
 .text.miiphy_get_current_dev
                0x000000008080e6a4       0x10 common/built-in.o
                0x000000008080e6a4                miiphy_get_current_dev
 .text.miiphy_read
                0x000000008080e6b4       0x28 common/built-in.o
                0x000000008080e6b4                miiphy_read
 .text.miiphy_write
                0x000000008080e6dc       0x24 common/built-in.o
                0x000000008080e6dc                miiphy_write
 .text.miiphy_listdev
                0x000000008080e700       0x54 common/built-in.o
                0x000000008080e700                miiphy_listdev
 .text.miiphy_info
                0x000000008080e754       0x5c common/built-in.o
                0x000000008080e754                miiphy_info
 .text.miiphy_is_1000base_x
                0x000000008080e7b0       0x30 common/built-in.o
                0x000000008080e7b0                miiphy_is_1000base_x
 .text.miiphy_speed
                0x000000008080e7e0       0x98 common/built-in.o
                0x000000008080e7e0                miiphy_speed
 .text.miiphy_duplex
                0x000000008080e878       0xb4 common/built-in.o
                0x000000008080e878                miiphy_duplex
 .text.usb_set_maxpacket_ep
                0x000000008080e92c       0x54 common/built-in.o
 .text.usb_stop
                0x000000008080e980       0x38 common/built-in.o
                0x000000008080e980                usb_stop
 .text.usb_disable_asynch
                0x000000008080e9b8       0x14 common/built-in.o
                0x000000008080e9b8                usb_disable_asynch
 .text.usb_control_msg
                0x000000008080e9cc       0x80 common/built-in.o
                0x000000008080e9cc                usb_control_msg
 .text.usb_get_descriptor
                0x000000008080ea4c       0x36 common/built-in.o
 *fill*         0x000000008080ea82        0x2 
 .text.get_descriptor_len
                0x000000008080ea84       0x60 common/built-in.o
 .text.usb_get_string
                0x000000008080eae4       0x50 common/built-in.o
 .text.usb_string_sub
                0x000000008080eb34       0x94 common/built-in.o
 .text.usb_bulk_msg
                0x000000008080ebc8       0x46 common/built-in.o
                0x000000008080ebc8                usb_bulk_msg
 .text.usb_maxpacket
                0x000000008080ec0e       0x1a common/built-in.o
                0x000000008080ec0e                usb_maxpacket
 .text.usb_clear_halt
                0x000000008080ec28       0x5c common/built-in.o
                0x000000008080ec28                usb_clear_halt
 .text.usb_get_configuration_len
                0x000000008080ec84       0x50 common/built-in.o
                0x000000008080ec84                usb_get_configuration_len
 .text.usb_get_configuration_no
                0x000000008080ecd4       0x1c common/built-in.o
                0x000000008080ecd4                usb_get_configuration_no
 .text.usb_set_interface
                0x000000008080ecf0       0x78 common/built-in.o
                0x000000008080ecf0                usb_set_interface
 .text.usb_string
                0x000000008080ed68       0x9c common/built-in.o
                0x000000008080ed68                usb_string
 .text.usb_get_dev_index
                0x000000008080ee04       0x18 common/built-in.o
                0x000000008080ee04                usb_get_dev_index
 .text.usb_alloc_new_device
                0x000000008080ee1c       0x64 common/built-in.o
                0x000000008080ee1c                usb_alloc_new_device
 .text.usb_free_device
                0x000000008080ee80       0x30 common/built-in.o
                0x000000008080ee80                usb_free_device
 .text.usb_alloc_device
                0x000000008080eeb0        0x4 common/built-in.o
                0x000000008080eeb0                usb_alloc_device
 .text.usb_select_config
                0x000000008080eeb4      0x314 common/built-in.o
                0x000000008080eeb4                usb_select_config
 .text.usb_setup_device
                0x000000008080f1c8       0xf8 common/built-in.o
                0x000000008080f1c8                usb_setup_device
 .text.usb_new_device
                0x000000008080f2c0       0x1e common/built-in.o
                0x000000008080f2c0                usb_new_device
 *fill*         0x000000008080f2de        0x2 
 .text.usb_init
                0x000000008080f2e0       0xdc common/built-in.o
                0x000000008080f2e0                usb_init
 .text.board_usb_init
                0x000000008080f3bc        0x4 common/built-in.o
                0x000000008080f3bc                board_usb_init
 .text.board_usb_cleanup
                0x000000008080f3c0        0x4 common/built-in.o
                0x000000008080f3c0                board_usb_cleanup
 .text.usb_device_has_child_on_port
                0x000000008080f3c4       0x10 common/built-in.o
                0x000000008080f3c4                usb_device_has_child_on_port
 .text.usb_find_usb2_hub_address_port
                0x000000008080f3d4       0x38 common/built-in.o
                0x000000008080f3d4                usb_find_usb2_hub_address_port
 .text.usb_set_port_feature
                0x000000008080f40c       0x2e common/built-in.o
 .text.usb_clear_port_feature
                0x000000008080f43a       0x2e common/built-in.o
 .text.usb_get_hub_descriptor
                0x000000008080f468       0x34 common/built-in.o
 .text.usb_hub_reset_devices
                0x000000008080f49c        0x2 common/built-in.o
                0x000000008080f49c                usb_hub_reset_devices
 .text.usb_get_port_status
                0x000000008080f49e       0x30 common/built-in.o
                0x000000008080f49e                usb_get_port_status
 *fill*         0x000000008080f4ce        0x2 
 .text.usb_hub_reset
                0x000000008080f4d0       0x18 common/built-in.o
                0x000000008080f4d0                usb_hub_reset
 .text.legacy_hub_port_reset
                0x000000008080f4e8       0x6a common/built-in.o
                0x000000008080f4e8                legacy_hub_port_reset
 *fill*         0x000000008080f552        0x2 
 .text.usb_hub_port_connect_change
                0x000000008080f554       0xf8 common/built-in.o
                0x000000008080f554                usb_hub_port_connect_change
 .text.usb_hub_configure
                0x000000008080f64c      0x338 common/built-in.o
 .text.usb_hub_probe
                0x000000008080f984       0x3a common/built-in.o
                0x000000008080f984                usb_hub_probe
 .text.usb_stor_irq
                0x000000008080f9be       0x10 common/built-in.o
 .text.usb_stor_BBB_reset
                0x000000008080f9ce       0x8e common/built-in.o
 .text.usb_stor_CB_reset
                0x000000008080fa5c       0x88 common/built-in.o
 .text.usb_stor_BBB_clear_endpt_stall.isra.2
                0x000000008080fae4       0x2c common/built-in.o
 .text.usb_stor_BBB_transport
                0x000000008080fb10      0x1a0 common/built-in.o
 .text.usb_stor_CB_comdat
                0x000000008080fcb0      0x154 common/built-in.o
 .text.usb_stor_CBI_get_status.isra.4
                0x000000008080fe04       0x7c common/built-in.o
 .text.usb_stor_CB_transport
                0x000000008080fe80      0x160 common/built-in.o
 .text.usb_request_sense.constprop.10
                0x000000008080ffe0       0x4c common/built-in.o
 .text.usb_stor_read
                0x000000008081002c       0xf8 common/built-in.o
 .text.usb_stor_write
                0x0000000080810124       0xf8 common/built-in.o
 .text.usb_stor_get_dev
                0x000000008081021c       0x1c common/built-in.o
                0x000000008081021c                usb_stor_get_dev
 .text.usb_stor_info
                0x0000000080810238       0x4c common/built-in.o
                0x0000000080810238                usb_stor_info
 .text.usb_storage_probe
                0x0000000080810284      0x15c common/built-in.o
                0x0000000080810284                usb_storage_probe
 .text.usb_stor_get_info
                0x00000000808103e0      0x224 common/built-in.o
                0x00000000808103e0                usb_stor_get_info
 .text.usb_stor_scan
                0x0000000080810604      0x14c common/built-in.o
                0x0000000080810604                usb_stor_scan
 .text.menu_display_statusline
                0x0000000080810750        0x2 common/built-in.o
                0x0000000080810750                menu_display_statusline
 .text.menu_default_set
                0x0000000080810752       0x52 common/built-in.o
                0x0000000080810752                menu_default_set
 .text.menu_get_choice
                0x00000000808107a4      0x124 common/built-in.o
                0x00000000808107a4                menu_get_choice
 .text.menu_item_add
                0x00000000808108c8       0x86 common/built-in.o
                0x00000000808108c8                menu_item_add
 .text.menu_create
                0x000000008081094e       0x54 common/built-in.o
                0x000000008081094e                menu_create
 .text.menu_destroy
                0x00000000808109a2       0x44 common/built-in.o
                0x00000000808109a2                menu_destroy
 .text.env_get_char_spec
                0x00000000808109e6        0x8 common/built-in.o
                0x00000000808109e6                env_get_char_spec
 *fill*         0x00000000808109ee        0x2 
 .text.env_get_addr
                0x00000000808109f0       0x18 common/built-in.o
                0x00000000808109f0                env_get_addr
 .text.env_get_char_memory
                0x0000000080810a08        0xa common/built-in.o
                0x0000000080810a08                env_get_char_memory
 *fill*         0x0000000080810a12        0x2 
 .text.env_get_char
                0x0000000080810a14       0x20 common/built-in.o
                0x0000000080810a14                env_get_char
 .text.getenv_yesno
                0x0000000080810a34       0x2a common/built-in.o
                0x0000000080810a34                getenv_yesno
 .text.getenv_default
                0x0000000080810a5e       0x2a common/built-in.o
                0x0000000080810a5e                getenv_default
 .text.set_default_env
                0x0000000080810a88       0x80 common/built-in.o
                0x0000000080810a88                set_default_env
 .text.set_default_vars
                0x0000000080810b08       0x28 common/built-in.o
                0x0000000080810b08                set_default_vars
 .text.env_import
                0x0000000080810b30       0x94 common/built-in.o
                0x0000000080810b30                env_import
 .text.env_export
                0x0000000080810bc4       0x68 common/built-in.o
                0x0000000080810bc4                env_export
 .text.env_relocate
                0x0000000080810c2c       0x28 common/built-in.o
                0x0000000080810c2c                env_relocate
 .text.env_complete
                0x0000000080810c54       0x8c common/built-in.o
                0x0000000080810c54                env_complete
 .text.console_setfile
                0x0000000080810ce0       0x74 common/built-in.o
 .text.putc     0x0000000080810d54       0x24 common/built-in.o
                0x0000000080810d54                putc
 .text.puts     0x0000000080810d78       0x24 common/built-in.o
                0x0000000080810d78                puts
 .text.fgetc    0x0000000080810d9c       0x18 common/built-in.o
                0x0000000080810d9c                fgetc
 .text.getc     0x0000000080810db4       0x1a common/built-in.o
                0x0000000080810db4                getc
 *fill*         0x0000000080810dce        0x2 
 .text.ftstc    0x0000000080810dd0       0x18 common/built-in.o
                0x0000000080810dd0                ftstc
 .text.tstc     0x0000000080810de8       0x1a common/built-in.o
                0x0000000080810de8                tstc
 *fill*         0x0000000080810e02        0x2 
 .text.ctrlc    0x0000000080810e04       0x38 common/built-in.o
                0x0000000080810e04                ctrlc
 .text.confirm_yesno
                0x0000000080810e3c       0x84 common/built-in.o
                0x0000000080810e3c                confirm_yesno
 .text.disable_ctrlc
                0x0000000080810ec0       0x10 common/built-in.o
                0x0000000080810ec0                disable_ctrlc
 .text.had_ctrlc
                0x0000000080810ed0        0xc common/built-in.o
                0x0000000080810ed0                had_ctrlc
 .text.clear_ctrlc
                0x0000000080810edc        0xc common/built-in.o
                0x0000000080810edc                clear_ctrlc
 .text.search_device
                0x0000000080810ee8       0x16 common/built-in.o
                0x0000000080810ee8                search_device
 .text.console_assign
                0x0000000080810efe       0x2a common/built-in.o
                0x0000000080810efe                console_assign
 .text.on_console
                0x0000000080810f28       0x70 common/built-in.o
 .text.console_init_f
                0x0000000080810f98        0xa common/built-in.o
                0x0000000080810f98                console_init_f
 *fill*         0x0000000080810fa2        0x2 
 .text.console_init_r
                0x0000000080810fa4       0x88 common/built-in.o
                0x0000000080810fa4                console_init_r
 .text.sbrk     0x000000008081102c       0x44 common/built-in.o
                0x000000008081102c                sbrk
 .text.mem_malloc_init
                0x0000000080811070       0x28 common/built-in.o
                0x0000000080811070                mem_malloc_init
 .text.malloc_trim
                0x0000000080811098       0x80 common/built-in.o
                0x0000000080811098                malloc_trim
 .text.free     0x0000000080811118      0x168 common/built-in.o
                0x0000000080811118                free
 .text.malloc   0x0000000080811280      0x3fc common/built-in.o
                0x0000000080811280                malloc
 .text.calloc   0x000000008081167c       0xbc common/built-in.o
                0x000000008081167c                calloc
 .text.realloc  0x0000000080811738      0x2e4 common/built-in.o
                0x0000000080811738                realloc
 .text.memalign
                0x0000000080811a1c       0xe6 common/built-in.o
                0x0000000080811a1c                memalign
 .text.initf_malloc
                0x0000000080811b02       0x14 common/built-in.o
                0x0000000080811b02                initf_malloc
 .text.malloc_simple
                0x0000000080811b16       0x28 common/built-in.o
                0x0000000080811b16                malloc_simple
 *fill*         0x0000000080811b3e        0x2 
 .text.on_loadaddr
                0x0000000080811b40       0x20 common/built-in.o
 .text.image_check_hcrc
                0x0000000080811b60       0x2a common/built-in.o
                0x0000000080811b60                image_check_hcrc
 .text.image_check_dcrc
                0x0000000080811b8a       0x22 common/built-in.o
                0x0000000080811b8a                image_check_dcrc
 .text.image_multi_count
                0x0000000080811bac       0x12 common/built-in.o
                0x0000000080811bac                image_multi_count
 .text.image_multi_getimg
                0x0000000080811bbe       0x4c common/built-in.o
                0x0000000080811bbe                image_multi_getimg
 *fill*         0x0000000080811c0a        0x2 
 .text.getenv_bootm_low
                0x0000000080811c0c       0x20 common/built-in.o
                0x0000000080811c0c                getenv_bootm_low
 .text.getenv_bootm_size
                0x0000000080811c2c       0x44 common/built-in.o
                0x0000000080811c2c                getenv_bootm_size
 .text.getenv_bootm_mapsize
                0x0000000080811c70       0x20 common/built-in.o
                0x0000000080811c70                getenv_bootm_mapsize
 .text.memmove_wd
                0x0000000080811c90       0x4c common/built-in.o
                0x0000000080811c90                memmove_wd
 .text.genimg_print_size
                0x0000000080811cdc       0x24 common/built-in.o
                0x0000000080811cdc                genimg_print_size
 .text.genimg_print_time
                0x0000000080811d00       0x2c common/built-in.o
                0x0000000080811d00                genimg_print_time
 .text.get_table_entry
                0x0000000080811d2c       0x12 common/built-in.o
                0x0000000080811d2c                get_table_entry
 .text.get_table_entry_name
                0x0000000080811d3e       0x14 common/built-in.o
                0x0000000080811d3e                get_table_entry_name
 *fill*         0x0000000080811d52        0x2 
 .text.genimg_get_os_name
                0x0000000080811d54       0x14 common/built-in.o
                0x0000000080811d54                genimg_get_os_name
 .text.genimg_get_arch_name
                0x0000000080811d68       0x14 common/built-in.o
                0x0000000080811d68                genimg_get_arch_name
 .text.genimg_get_type_name
                0x0000000080811d7c       0x14 common/built-in.o
                0x0000000080811d7c                genimg_get_type_name
 .text.genimg_get_comp_name
                0x0000000080811d90       0x14 common/built-in.o
                0x0000000080811d90                genimg_get_comp_name
 .text.image_print_contents
                0x0000000080811da4      0x10c common/built-in.o
                0x0000000080811da4                image_print_contents
 .text.genimg_get_kernel_addr_fit
                0x0000000080811eb0       0x14 common/built-in.o
                0x0000000080811eb0                genimg_get_kernel_addr_fit
 .text.genimg_get_kernel_addr
                0x0000000080811ec4       0x18 common/built-in.o
                0x0000000080811ec4                genimg_get_kernel_addr
 .text.genimg_get_format
                0x0000000080811edc       0x30 common/built-in.o
                0x0000000080811edc                genimg_get_format
 .text.genimg_get_image
                0x0000000080811f0c        0x2 common/built-in.o
                0x0000000080811f0c                genimg_get_image
 .text.genimg_has_config
                0x0000000080811f0e        0x4 common/built-in.o
                0x0000000080811f0e                genimg_has_config
 *fill*         0x0000000080811f12        0x2 
 .text.boot_get_ramdisk
                0x0000000080811f14      0x1b8 common/built-in.o
                0x0000000080811f14                boot_get_ramdisk
 .text.boot_ramdisk_high
                0x00000000808120cc       0xcc common/built-in.o
                0x00000000808120cc                boot_ramdisk_high
 .text.boot_get_setup
                0x0000000080812198        0x6 common/built-in.o
                0x0000000080812198                boot_get_setup
 .text.image_setup_linux
                0x000000008081219e       0x52 common/built-in.o
                0x000000008081219e                image_setup_linux
 .text.android_image_get_kernel
                0x00000000808121f0       0xf4 common/built-in.o
                0x00000000808121f0                android_image_get_kernel
 .text.android_image_check_header
                0x00000000808122e4       0x10 common/built-in.o
                0x00000000808122e4                android_image_check_header
 .text.android_image_get_end
                0x00000000808122f4       0x2a common/built-in.o
                0x00000000808122f4                android_image_get_end
 *fill*         0x000000008081231e        0x2 
 .text.android_image_get_kload
                0x0000000080812320       0x14 common/built-in.o
                0x0000000080812320                android_image_get_kload
 .text.android_image_get_ramdisk
                0x0000000080812334       0x44 common/built-in.o
                0x0000000080812334                android_image_get_ramdisk
 .text.fdt_error
                0x0000000080812378       0x24 common/built-in.o
 .text.boot_fdt_add_mem_rsv_regions
                0x000000008081239c       0x5c common/built-in.o
                0x000000008081239c                boot_fdt_add_mem_rsv_regions
 .text.boot_relocate_fdt
                0x00000000808123f8      0x10c common/built-in.o
                0x00000000808123f8                boot_relocate_fdt
 .text.boot_get_fdt
                0x0000000080812504      0x1b0 common/built-in.o
                0x0000000080812504                boot_get_fdt
 .text.ft_verify_fdt
                0x00000000808126b4        0x4 common/built-in.o
                0x00000000808126b4                ft_verify_fdt
 .text.image_setup_libfdt
                0x00000000808126b8       0xc4 common/built-in.o
                0x00000000808126b8                image_setup_libfdt
 .text.get_ram_size
                0x000000008081277c       0x90 common/built-in.o
                0x000000008081277c                get_ram_size
 .text.get_effective_memsize
                0x000000008081280c        0x6 common/built-in.o
                0x000000008081280c                get_effective_memsize
 .text.stdio_serial_tstc
                0x0000000080812812        0x4 common/built-in.o
 .text.stdio_serial_getc
                0x0000000080812816        0x4 common/built-in.o
 .text.stdio_serial_puts
                0x000000008081281a        0x6 common/built-in.o
 .text.stdio_serial_putc
                0x0000000080812820        0x6 common/built-in.o
 *fill*         0x0000000080812826        0x2 
 .text.stdio_get_list
                0x0000000080812828        0x8 common/built-in.o
                0x0000000080812828                stdio_get_list
 .text.stdio_get_by_name
                0x0000000080812830       0x30 common/built-in.o
                0x0000000080812830                stdio_get_by_name
 .text.stdio_clone
                0x0000000080812860       0x22 common/built-in.o
                0x0000000080812860                stdio_clone
 *fill*         0x0000000080812882        0x2 
 .text.stdio_register_dev
                0x0000000080812884       0x30 common/built-in.o
                0x0000000080812884                stdio_register_dev
 .text.stdio_register
                0x00000000808128b4        0x6 common/built-in.o
                0x00000000808128b4                stdio_register
 *fill*         0x00000000808128ba        0x2 
 .text.stdio_init_tables
                0x00000000808128bc       0x14 common/built-in.o
                0x00000000808128bc                stdio_init_tables
 .text.stdio_add_devices
                0x00000000808128d0       0x54 common/built-in.o
                0x00000000808128d0                stdio_add_devices
 .text.cli_simple_process_macros
                0x0000000080812924      0x124 common/built-in.o
                0x0000000080812924                cli_simple_process_macros
 .text.run_command
                0x0000000080812a48        0xe common/built-in.o
                0x0000000080812a48                run_command
 .text.run_command_list
                0x0000000080812a56       0x46 common/built-in.o
                0x0000000080812a56                run_command_list
 .text.do_run   0x0000000080812a9c       0x50 common/built-in.o
                0x0000000080812a9c                do_run
 .text.cli_loop
                0x0000000080812aec        0x8 common/built-in.o
                0x0000000080812aec                cli_loop
 .text.cli_init
                0x0000000080812af4        0x4 common/built-in.o
                0x0000000080812af4                cli_init
 .text.delete_char.part.0
                0x0000000080812af8       0x88 common/built-in.o
 .text.cread_add_char
                0x0000000080812b80       0x80 common/built-in.o
 .text.cli_readline_into_buffer
                0x0000000080812c00      0x630 common/built-in.o
                0x0000000080812c00                cli_readline_into_buffer
 .text.cli_readline
                0x0000000080813230       0x10 common/built-in.o
                0x0000000080813230                cli_readline
 .text.find_cmd_tbl
                0x0000000080813240       0x64 common/built-in.o
                0x0000000080813240                find_cmd_tbl
 .text.find_cmd
                0x00000000808132a4       0x1c common/built-in.o
                0x00000000808132a4                find_cmd
 .text.cmd_usage
                0x00000000808132c0       0x3c common/built-in.o
                0x00000000808132c0                cmd_usage
 .text._do_help
                0x00000000808132fc      0x104 common/built-in.o
                0x00000000808132fc                _do_help
 .text.var_complete
                0x0000000080813400       0x48 common/built-in.o
                0x0000000080813400                var_complete
 .text.cmd_auto_complete
                0x0000000080813448      0x2f0 common/built-in.o
                0x0000000080813448                cmd_auto_complete
 .text.cmd_get_data_size
                0x0000000080813738       0x38 common/built-in.o
                0x0000000080813738                cmd_get_data_size
 .text.cmd_process
                0x0000000080813770       0x94 common/built-in.o
                0x0000000080813770                cmd_process
 .text.cmd_process_error
                0x0000000080813804       0x1c common/built-in.o
                0x0000000080813804                cmd_process_error
 .text.hex1_bin
                0x0000000080813820       0x2a common/built-in.o
 .text.hex2_bin
                0x000000008081384a       0x24 common/built-in.o
 .text.srec_decode
                0x000000008081386e      0x186 common/built-in.o
                0x000000008081386e                srec_decode
 .text.CYGACC_COMM_IF_GETC_TIMEOUT.isra.0
                0x00000000808139f4       0x2c common/built-in.o
 .text.xyzModem_flush
                0x0000000080813a20       0x14 common/built-in.o
 .text.xyzModem_get_hdr
                0x0000000080813a34      0x170 common/built-in.o
 .text.xyzModem_stream_open
                0x0000000080813ba4      0x17c common/built-in.o
                0x0000000080813ba4                xyzModem_stream_open
 .text.xyzModem_stream_read
                0x0000000080813d20      0x1c0 common/built-in.o
                0x0000000080813d20                xyzModem_stream_read
 .text.xyzModem_stream_close
                0x0000000080813ee0       0x40 common/built-in.o
                0x0000000080813ee0                xyzModem_stream_close
 .text.xyzModem_stream_terminate
                0x0000000080813f20       0x68 common/built-in.o
                0x0000000080813f20                xyzModem_stream_terminate
 .text.xyzModem_error
                0x0000000080813f88       0x18 common/built-in.o
                0x0000000080813f88                xyzModem_error
 .text.get_dev_hwpart
                0x0000000080813fa0       0x64 disk/built-in.o
 .text.blk_get_dev
                0x0000000080814004        0x6 disk/built-in.o
                0x0000000080814004                blk_get_dev
 *fill*         0x000000008081400a        0x2 
 .text.dev_print
                0x000000008081400c      0x154 disk/built-in.o
                0x000000008081400c                dev_print
 .text.part_init
                0x0000000080814160       0x2c disk/built-in.o
                0x0000000080814160                part_init
 .text.part_print
                0x000000008081418c       0xb8 disk/built-in.o
                0x000000008081418c                part_print
 .text.part_get_info
                0x0000000080814244       0x44 disk/built-in.o
                0x0000000080814244                part_get_info
 .text.blk_get_device_by_str
                0x0000000080814288       0xb0 disk/built-in.o
                0x0000000080814288                blk_get_device_by_str
 .text.blk_get_device_part_str
                0x0000000080814338      0x260 disk/built-in.o
                0x0000000080814338                blk_get_device_part_str
 .text.test_block_type
                0x0000000080814598       0x50 disk/built-in.o
 .text.print_partition_extended
                0x00000000808145e8      0x1b8 disk/built-in.o
 .text.part_print_dos
                0x00000000808147a0       0x20 disk/built-in.o
                0x00000000808147a0                part_print_dos
 .text.part_test_dos
                0x00000000808147c0       0x40 disk/built-in.o
 .text.part_get_info_extended
                0x0000000080814800      0x23c disk/built-in.o
 .text.part_get_info_dos
                0x0000000080814a3c       0x16 disk/built-in.o
                0x0000000080814a3c                part_get_info_dos
 .text.iso_dread
                0x0000000080814a52       0x22 disk/built-in.o
                0x0000000080814a52                iso_dread
 .text.part_get_info_iso_verb
                0x0000000080814a74      0x2cc disk/built-in.o
                0x0000000080814a74                part_get_info_iso_verb
 .text.part_test_iso
                0x0000000080814d40       0x14 disk/built-in.o
 .text.part_print_iso
                0x0000000080814d54       0x60 disk/built-in.o
 .text.part_get_info_iso
                0x0000000080814db4        0x6 disk/built-in.o
 *fill*         0x0000000080814dba        0x2 
 .text.print_efiname
                0x0000000080814dbc       0x38 disk/built-in.o
 .text.part_test_efi
                0x0000000080814df4       0x76 disk/built-in.o
 *fill*         0x0000000080814e6a        0x2 
 .text.set_protective_mbr
                0x0000000080814e6c       0x7c disk/built-in.o
 .text.validate_gpt_entries
                0x0000000080814ee8       0x80 disk/built-in.o
 .text.validate_gpt_header
                0x0000000080814f68      0x1a0 disk/built-in.o
 .text.is_gpt_valid
                0x0000000080815108      0x138 disk/built-in.o
 .text.is_pte_valid
                0x0000000080815240       0x38 disk/built-in.o
 .text.part_print_efi
                0x0000000080815278      0x1fc disk/built-in.o
                0x0000000080815278                part_print_efi
 .text.part_get_info_efi
                0x0000000080815474      0x174 disk/built-in.o
                0x0000000080815474                part_get_info_efi
 .text.write_gpt_table
                0x00000000808155e8      0x2bc disk/built-in.o
                0x00000000808155e8                write_gpt_table
 .text.gpt_fill_pte
                0x00000000808158a4      0x220 disk/built-in.o
                0x00000000808158a4                gpt_fill_pte
 .text.gpt_fill_header
                0x0000000080815ac4      0x136 disk/built-in.o
                0x0000000080815ac4                gpt_fill_header
 *fill*         0x0000000080815bfa        0x2 
 .text.gpt_restore
                0x0000000080815bfc       0xa4 disk/built-in.o
                0x0000000080815bfc                gpt_restore
 .text.gpt_verify_headers
                0x0000000080815ca0       0x54 disk/built-in.o
                0x0000000080815ca0                gpt_verify_headers
 .text.gpt_verify_partitions
                0x0000000080815cf4      0x1a8 disk/built-in.o
                0x0000000080815cf4                gpt_verify_partitions
 .text.alloc_priv
                0x0000000080815e9c       0x2e drivers/built-in.o
 *fill*         0x0000000080815eca        0x2 
 .text.device_bind
                0x0000000080815ecc      0x1d0 drivers/built-in.o
                0x0000000080815ecc                device_bind
 .text.device_bind_by_name
                0x000000008081609c       0x3e drivers/built-in.o
                0x000000008081609c                device_bind_by_name
 *fill*         0x00000000808160da        0x2 
 .text.device_probe
                0x00000000808160dc      0x134 drivers/built-in.o
                0x00000000808160dc                device_probe
 .text.dev_get_platdata
                0x0000000080816210       0x20 drivers/built-in.o
                0x0000000080816210                dev_get_platdata
 .text.dev_get_priv
                0x0000000080816230       0x20 drivers/built-in.o
                0x0000000080816230                dev_get_priv
 .text.dev_get_uclass_priv
                0x0000000080816250       0x20 drivers/built-in.o
                0x0000000080816250                dev_get_uclass_priv
 .text.dev_get_addr
                0x0000000080816270        0x6 drivers/built-in.o
                0x0000000080816270                dev_get_addr
 *fill*         0x0000000080816276        0x2 
 .text.lists_driver_lookup_name
                0x0000000080816278       0x2c drivers/built-in.o
                0x0000000080816278                lists_driver_lookup_name
 .text.lists_uclass_lookup
                0x00000000808162a4       0x24 drivers/built-in.o
                0x00000000808162a4                lists_uclass_lookup
 .text.lists_bind_drivers
                0x00000000808162c8       0x58 drivers/built-in.o
                0x00000000808162c8                lists_bind_drivers
 .text.dm_root  0x0000000080816320       0x1c drivers/built-in.o
                0x0000000080816320                dm_root
 .text.dm_init  0x000000008081633c       0x44 drivers/built-in.o
                0x000000008081633c                dm_init
 .text.dm_scan_platdata
                0x0000000080816380       0x20 drivers/built-in.o
                0x0000000080816380                dm_scan_platdata
 .text.dm_scan_other
                0x00000000808163a0        0x4 drivers/built-in.o
                0x00000000808163a0                dm_scan_other
 .text.dm_init_and_scan
                0x00000000808163a4       0x1e drivers/built-in.o
                0x00000000808163a4                dm_init_and_scan
 .text.uclass_find
                0x00000000808163c2       0x2a drivers/built-in.o
                0x00000000808163c2                uclass_find
 .text.uclass_get
                0x00000000808163ec       0xaa drivers/built-in.o
                0x00000000808163ec                uclass_get
 .text.uclass_find_device
                0x0000000080816496       0x40 drivers/built-in.o
                0x0000000080816496                uclass_find_device
 .text.uclass_find_first_device
                0x00000000808164d6       0x22 drivers/built-in.o
                0x00000000808164d6                uclass_find_first_device
 .text.uclass_find_next_device
                0x00000000808164f8       0x18 drivers/built-in.o
                0x00000000808164f8                uclass_find_next_device
 .text.uclass_find_device_by_seq
                0x0000000080816510       0x4a drivers/built-in.o
                0x0000000080816510                uclass_find_device_by_seq
 .text.uclass_get_device_tail
                0x000000008081655a       0x16 drivers/built-in.o
                0x000000008081655a                uclass_get_device_tail
 .text.uclass_get_device
                0x0000000080816570       0x1c drivers/built-in.o
                0x0000000080816570                uclass_get_device
 .text.uclass_get_device_by_seq
                0x000000008081658c       0x32 drivers/built-in.o
                0x000000008081658c                uclass_get_device_by_seq
 .text.uclass_first_device
                0x00000000808165be       0x1e drivers/built-in.o
                0x00000000808165be                uclass_first_device
 .text.uclass_next_device
                0x00000000808165dc       0x24 drivers/built-in.o
                0x00000000808165dc                uclass_next_device
 .text.uclass_bind_device
                0x0000000080816600       0x3a drivers/built-in.o
                0x0000000080816600                uclass_bind_device
 .text.uclass_unbind_device
                0x000000008081663a       0x24 drivers/built-in.o
                0x000000008081663a                uclass_unbind_device
 *fill*         0x000000008081665e        0x2 
 .text.uclass_resolve_seq
                0x0000000080816660       0x64 drivers/built-in.o
                0x0000000080816660                uclass_resolve_seq
 .text.uclass_pre_probe_device
                0x00000000808166c4       0x2e drivers/built-in.o
                0x00000000808166c4                uclass_pre_probe_device
 .text.uclass_post_probe_device
                0x00000000808166f2        0xe drivers/built-in.o
                0x00000000808166f2                uclass_post_probe_device
 .text.uclass_pre_remove_device
                0x0000000080816700        0xe drivers/built-in.o
                0x0000000080816700                uclass_pre_remove_device
 .text.dm_warn  0x000000008081670e       0x1a drivers/built-in.o
                0x000000008081670e                dm_warn
 .text.device_free
                0x0000000080816728       0x44 drivers/built-in.o
                0x0000000080816728                device_free
 .text.device_remove
                0x000000008081676c       0xcc drivers/built-in.o
                0x000000008081676c                device_remove
 .text.show_devices
                0x0000000080816838       0xb4 drivers/built-in.o
 .text.dm_dump_all
                0x00000000808168ec       0x30 drivers/built-in.o
                0x00000000808168ec                dm_dump_all
 .text.dm_dump_uclass
                0x000000008081691c       0x98 drivers/built-in.o
                0x000000008081691c                dm_dump_uclass
 .text.mod_exp_sw
                0x00000000808169b4        0xc drivers/built-in.o
                0x00000000808169b4                mod_exp_sw
 .text.__led_init
                0x00000000808169c0       0x38 drivers/built-in.o
                0x00000000808169c0                __led_init
 .text.__led_set
                0x00000000808169f8        0xa drivers/built-in.o
                0x00000000808169f8                __led_set
 *fill*         0x0000000080816a02        0x2 
 .text.status_led_init
                0x0000000080816a04       0x1c drivers/built-in.o
                0x0000000080816a04                status_led_init
 .text.status_led_set
                0x0000000080816a20       0x38 drivers/built-in.o
                0x0000000080816a20                status_led_set
 .text.rtc_calc_weekday
                0x0000000080816a58       0xac drivers/built-in.o
                0x0000000080816a58                rtc_calc_weekday
 .text.rtc_to_tm
                0x0000000080816b04       0xac drivers/built-in.o
                0x0000000080816b04                rtc_to_tm
 .text.hw_watchdog_reset
                0x0000000080816bb0       0x24 drivers/built-in.o
                0x0000000080816bb0                hw_watchdog_reset
 .text.gpio_to_device
                0x0000000080816bd4       0x48 drivers/gpio/built-in.o
 .text.check_reserved
                0x0000000080816c1c       0x4c drivers/gpio/built-in.o
 .text.gpio_renumber
                0x0000000080816c68       0x44 drivers/gpio/built-in.o
 .text.gpio_pre_remove
                0x0000000080816cac       0x32 drivers/gpio/built-in.o
 .text.gpio_post_probe
                0x0000000080816cde       0x24 drivers/gpio/built-in.o
 *fill*         0x0000000080816d02        0x2 
 .text.dm_gpio_lookup_name
                0x0000000080816d04       0xa0 drivers/gpio/built-in.o
                0x0000000080816d04                dm_gpio_lookup_name
 .text.gpio_lookup_name
                0x0000000080816da4       0x3c drivers/gpio/built-in.o
                0x0000000080816da4                gpio_lookup_name
 .text.dm_gpio_request
                0x0000000080816de0       0x64 drivers/gpio/built-in.o
                0x0000000080816de0                dm_gpio_request
 .text.gpio_request
                0x0000000080816e44       0x18 drivers/gpio/built-in.o
                0x0000000080816e44                gpio_request
 .text._dm_gpio_free
                0x0000000080816e5c       0x42 drivers/gpio/built-in.o
                0x0000000080816e5c                _dm_gpio_free
 .text.gpio_free
                0x0000000080816e9e       0x18 drivers/gpio/built-in.o
                0x0000000080816e9e                gpio_free
 *fill*         0x0000000080816eb6        0x2 
 .text.gpio_direction_input
                0x0000000080816eb8       0x2c drivers/gpio/built-in.o
                0x0000000080816eb8                gpio_direction_input
 .text.gpio_direction_output
                0x0000000080816ee4       0x2c drivers/gpio/built-in.o
                0x0000000080816ee4                gpio_direction_output
 .text.dm_gpio_get_value
                0x0000000080816f10       0x2c drivers/gpio/built-in.o
                0x0000000080816f10                dm_gpio_get_value
 .text.dm_gpio_set_value
                0x0000000080816f3c       0x30 drivers/gpio/built-in.o
                0x0000000080816f3c                dm_gpio_set_value
 .text.gpio_get_value
                0x0000000080816f6c       0x16 drivers/gpio/built-in.o
                0x0000000080816f6c                gpio_get_value
 .text.gpio_set_value
                0x0000000080816f82       0x18 drivers/gpio/built-in.o
                0x0000000080816f82                gpio_set_value
 .text.gpio_get_bank_info
                0x0000000080816f9a       0x10 drivers/gpio/built-in.o
                0x0000000080816f9a                gpio_get_bank_info
 .text.get_function
                0x0000000080816faa       0x5e drivers/gpio/built-in.o
                0x0000000080816faa                get_function
 .text.gpio_get_function
                0x0000000080817008        0x8 drivers/gpio/built-in.o
                0x0000000080817008                gpio_get_function
 .text.gpio_get_raw_function
                0x0000000080817010        0x8 drivers/gpio/built-in.o
                0x0000000080817010                gpio_get_raw_function
 .text.gpio_get_status
                0x0000000080817018       0xb8 drivers/gpio/built-in.o
                0x0000000080817018                gpio_get_status
 .text.omap_gpio_xlate
                0x00000000808170d0       0x16 drivers/gpio/built-in.o
 .text.omap_gpio_get_value
                0x00000000808170e6       0x2c drivers/gpio/built-in.o
 .text.omap_gpio_direction_output
                0x0000000080817112       0x30 drivers/gpio/built-in.o
 .text.omap_gpio_probe
                0x0000000080817142       0x28 drivers/gpio/built-in.o
 .text.omap_gpio_bind
                0x000000008081716a       0x40 drivers/gpio/built-in.o
 .text.omap_gpio_direction_input
                0x00000000808171aa       0x1e drivers/gpio/built-in.o
 .text.omap_gpio_get_function
                0x00000000808171c8       0x1e drivers/gpio/built-in.o
 .text.omap_gpio_set_value
                0x00000000808171e6       0x24 drivers/gpio/built-in.o
 *fill*         0x000000008081720a        0x2 
 .text.i2c_get_adapter
                0x000000008081720c       0x40 drivers/i2c/built-in.o
                0x000000008081720c                i2c_get_adapter
 .text.i2c_init_bus
                0x000000008081724c       0x64 drivers/i2c/built-in.o
 .text.i2c_get_bus_num
                0x00000000808172b0        0x6 drivers/i2c/built-in.o
                0x00000000808172b0                i2c_get_bus_num
 *fill*         0x00000000808172b6        0x2 
 .text.i2c_set_bus_num