ether.c:1218:13:rndis_response_complete	0	static
ether.c:1630:13:tx_complete	0	static
ether.c:1818:13:eth_resume	0	static
ether.c:1561:13:rx_complete	16	static
ether.c:2561:12:usb_eth_send	32	static
ether.c:1227:13:rndis_command_complete	16	static
ether.c:1772:13:eth_unbind	16	static
ether.c:1837:13:rndis_control_ack_complete	16	static
ether.c:1864:12:rndis_control_ack	16	static
ether.c:1979:11:nibble	0	static
ether.c:1989:12:get_ether_addr	32	static
ether.c:2009:12:eth_bind	64	static
ether.c:1011:13:eth_reset_config	8	static
ether.c:1807:13:eth_disconnect	0	static
ether.c:934:1:set_ether_config.isra.5	16	static
ether.c:1951:12:is_eth_addr_valid.part.7	32	static
ether.c:1514:12:rx_submit.constprop	24	static
ether.c:2568:12:usb_eth_recv	16	static
ether.c:1250:1:eth_setup	48	static
ether.c:1209:13:eth_setup_complete	0	static
ether.c:1813:13:eth_suspend	0	static
ether.c:2554:12:usb_eth_init	24	static
ether.c:2518:6:_usb_eth_halt	8	static
ether.c:2594:6:usb_eth_halt	0	static
ether.c:2601:5:usb_eth_initialize	16	static
