serial_ns16550.c:122:13:_serial_putc	16	static
serial_ns16550.c:187:1:eserial1_putc	0	static
serial_ns16550.c:197:1:eserial3_putc	0	static
serial_ns16550.c:187:1:eserial1_puts	8	static
serial_ns16550.c:187:1:eserial1_tstc	0	static
serial_ns16550.c:197:1:eserial3_getc	8	static
serial_ns16550.c:147:13:_serial_setbrg	8	static
serial_ns16550.c:187:1:eserial1_setbrg	0	static
serial_ns16550.c:197:1:eserial3_setbrg	0	static
serial_ns16550.c:187:1:eserial1_init	8	static
serial_ns16550.c:197:1:eserial3_init	8	static
serial_ns16550.c:197:1:eserial3_tstc	0	static
serial_ns16550.c:187:1:eserial1_getc	8	static
serial_ns16550.c:197:1:eserial3_puts	8	static
serial_ns16550.c:217:30:default_serial_console	0	static
serial_ns16550.c:236:6:ns16550_serial_initialize	8	static
