cache-cp15.c:25:13:cp_delay	8	static
cache-cp15.c:17:13:arm_init_before_mmu	0	static
cache-cp15.c:21:13:arm_init_domains	0	static
cache-cp15.c:35:6:set_section_dcache	0	static
cache-cp15.c:56:13:mmu_page_table_flush	0	static
cache-cp15.c:61:6:mmu_set_region_dcache_behaviour	24	static
cache-cp15.c:87:13:dram_bank_mmu_setup	8	static
cache-cp15.c:100:13:sram_bank_mmu_setup	8	static
cache-cp15.c:259:6:icache_enable	8	static
cache-cp15.c:264:6:icache_disable	8	static
cache-cp15.c:269:5:icache_status	0	static
cache-cp15.c:291:6:dcache_enable	8	static
cache-cp15.c:296:6:dcache_disable	8	static
cache-cp15.c:301:5:dcache_status	0	static
