Archive member included to satisfy reference by file (symbol)

/media/parth/data/MYD-AM335X_V20R2_20181010/04-Linux_source/Toolchain/gcc-linaro-5.3-2016.02-x86_64_arm-linux-gnueabihf/bin/../lib/gcc/arm-linux-gnueabihf/5.3.1/libgcc.a(_udivsi3.o)
                              arch/arm/cpu/armv7/built-in.o (__aeabi_uidiv)
/media/parth/data/MYD-AM335X_V20R2_20181010/04-Linux_source/Toolchain/gcc-linaro-5.3-2016.02-x86_64_arm-linux-gnueabihf/bin/../lib/gcc/arm-linux-gnueabihf/5.3.1/libgcc.a(_divsi3.o)
                              fs/built-in.o (__aeabi_idiv)
/media/parth/data/MYD-AM335X_V20R2_20181010/04-Linux_source/Toolchain/gcc-linaro-5.3-2016.02-x86_64_arm-linux-gnueabihf/bin/../lib/gcc/arm-linux-gnueabihf/5.3.1/libgcc.a(_lshrdi3.o)
                              drivers/built-in.o (__aeabi_llsr)
/media/parth/data/MYD-AM335X_V20R2_20181010/04-Linux_source/Toolchain/gcc-linaro-5.3-2016.02-x86_64_arm-linux-gnueabihf/bin/../lib/gcc/arm-linux-gnueabihf/5.3.1/libgcc.a(_ashrdi3.o)
                              drivers/built-in.o (__aeabi_lasr)
/media/parth/data/MYD-AM335X_V20R2_20181010/04-Linux_source/Toolchain/gcc-linaro-5.3-2016.02-x86_64_arm-linux-gnueabihf/bin/../lib/gcc/arm-linux-gnueabihf/5.3.1/libgcc.a(_ashldi3.o)
                              drivers/built-in.o (__aeabi_llsl)
/media/parth/data/MYD-AM335X_V20R2_20181010/04-Linux_source/Toolchain/gcc-linaro-5.3-2016.02-x86_64_arm-linux-gnueabihf/bin/../lib/gcc/arm-linux-gnueabihf/5.3.1/libgcc.a(_dvmd_lnx.o)
                              /media/parth/data/MYD-AM335X_V20R2_20181010/04-Linux_source/Toolchain/gcc-linaro-5.3-2016.02-x86_64_arm-linux-gnueabihf/bin/../lib/gcc/arm-linux-gnueabihf/5.3.1/libgcc.a(_udivsi3.o) (__aeabi_idiv0)

Discarded input sections

 .data          0x0000000000000000        0x0 arch/arm/cpu/armv7/start.o
 .bss           0x0000000000000000        0x0 arch/arm/cpu/armv7/start.o
 .text.v7_outer_cache_flush_range
                0x0000000000000000        0x2 arch/arm/cpu/armv7/built-in.o
 .text.flush_dcache_range
                0x0000000000000000       0x26 arch/arm/cpu/armv7/built-in.o
 .text.mmu_page_table_flush
                0x0000000000000000       0x1e arch/arm/cpu/armv7/built-in.o
 .text.v7_outer_cache_inval_range
                0x0000000000000000        0x2 arch/arm/cpu/armv7/built-in.o
 .text.invalidate_dcache_range
                0x0000000000000000       0x78 arch/arm/cpu/armv7/built-in.o
 .text.v7_arch_cp15_set_l2aux_ctrl
                0x0000000000000000        0x6 arch/arm/cpu/armv7/built-in.o
 .text.v7_arch_cp15_set_acr
                0x0000000000000000        0x6 arch/arm/cpu/armv7/built-in.o
 .text.warm_reset
                0x0000000000000000       0x18 arch/arm/cpu/armv7/built-in.o
 .text.setup_warmreset_time
                0x0000000000000000        0x2 arch/arm/cpu/armv7/built-in.o
 .text.get_ticks
                0x0000000000000000        0xa arch/arm/cpu/armv7/built-in.o
 .text.get_tbclk
                0x0000000000000000        0x6 arch/arm/cpu/armv7/built-in.o
 .text.do_cancel_out
                0x0000000000000000       0x44 arch/arm/cpu/armv7/built-in.o
 .text.cancel_out
                0x0000000000000000       0x62 arch/arm/cpu/armv7/built-in.o
 .text.omap_die_id
                0x0000000000000000        0xc arch/arm/cpu/armv7/built-in.o
 .text.omap_die_id_serial
                0x0000000000000000       0x4c arch/arm/cpu/armv7/built-in.o
 .text.omap_die_id_get_board_serial
                0x0000000000000000       0x24 arch/arm/cpu/armv7/built-in.o
 .text.omap_die_id_usbethaddr
                0x0000000000000000       0x58 arch/arm/cpu/armv7/built-in.o
 .text.omap_die_id_display
                0x0000000000000000       0x2c arch/arm/cpu/armv7/built-in.o
 .text.fb_set_reboot_flag
                0x0000000000000000       0x24 arch/arm/cpu/armv7/built-in.o
 .text.do_disable_clocks
                0x0000000000000000       0x68 arch/arm/cpu/armv7/built-in.o
 .text.rtc_only_prcm_init
                0x0000000000000000       0x1c arch/arm/cpu/armv7/built-in.o
 .text.get_cpu_rev
                0x0000000000000000        0xc arch/arm/cpu/armv7/built-in.o
 .text.get_cpu_type
                0x0000000000000000       0x10 arch/arm/cpu/armv7/built-in.o
 .text.get_device_type
                0x0000000000000000       0x10 arch/arm/cpu/armv7/built-in.o
 .text.get_sysboot_value
                0x0000000000000000       0x10 arch/arm/cpu/armv7/built-in.o
 .text.am335x_get_tps65910_mpu_vdd
                0x0000000000000000       0x2a arch/arm/cpu/armv7/built-in.o
 .text.dram_init
                0x0000000000000000       0x1a arch/arm/cpu/armv7/built-in.o
 .text.am33xx_otg0_set_phy_power
                0x0000000000000000       0x20 arch/arm/cpu/armv7/built-in.o
 .text.am33xx_otg1_set_phy_power
                0x0000000000000000       0x20 arch/arm/cpu/armv7/built-in.o
 .text.arch_misc_init
                0x0000000000000000       0x34 arch/arm/cpu/armv7/built-in.o
 .text.am33xx_spl_board_init
[...]
Memory Configuration

Name             Origin             Length             Attributes
.sram            0x00000000402f0400 0x000000000001b400
.sdram           0x0000000080a00000 0x0000000000080000
*default*        0x0000000000000000 0xffffffffffffffff

Linker script and memory map


.text           0x00000000402f0400     0x9094
                0x00000000402f0400                __start = .
 *(.vectors)
 .vectors       0x00000000402f0400       0x60 arch/arm/lib/built-in.o
                0x00000000402f0400                _start
                0x00000000402f0420                _undefined_instruction
                0x00000000402f0424                _software_interrupt
                0x00000000402f0428                _prefetch_abort
                0x00000000402f042c                _data_abort
                0x00000000402f0430                _not_used
                0x00000000402f0434                _irq
                0x00000000402f0438                _fiq
 arch/arm/cpu/armv7/start.o(.text)
 .text          0x00000000402f0460       0xb0 arch/arm/cpu/armv7/start.o
                0x00000000402f0460                reset
                0x00000000402f0464                save_boot_params_ret
                0x00000000402f04a0                c_runtime_cpu_setup
                0x00000000402f04b4                cpu_init_cp15
                0x00000000402f0508                cpu_init_crit
 *(.text*)
 .text          0x00000000402f0510      0x1a4 arch/arm/cpu/armv7/built-in.o
                0x00000000402f0510                __v7_flush_dcache_all
                0x00000000402f05ac                v7_flush_dcache_all
                0x00000000402f05bc                __v7_invalidate_dcache_all
                0x00000000402f0658                v7_invalidate_dcache_all
                0x00000000402f0668                lowlevel_init
                0x00000000402f0688                save_boot_params
                0x00000000402f0694                omap_smc1
 .text.invalidate_icache_all
                0x00000000402f06b4       0x14 arch/arm/cpu/armv7/built-in.o
                0x00000000402f06b4                invalidate_icache_all
 .text.v7_outer_cache_enable
                0x00000000402f06c8        0x2 arch/arm/cpu/armv7/built-in.o
                0x00000000402f06c8                v7_outer_cache_enable
 .text.v7_outer_cache_disable
                0x00000000402f06ca        0x2 arch/arm/cpu/armv7/built-in.o
                0x00000000402f06ca                v7_outer_cache_disable
 .text.v7_outer_cache_flush_all
                0x00000000402f06cc        0x2 arch/arm/cpu/armv7/built-in.o
                0x00000000402f06cc                v7_outer_cache_flush_all
 .text.flush_dcache_all
                0x00000000402f06ce        0xe arch/arm/cpu/armv7/built-in.o
                0x00000000402f06ce                flush_dcache_all
 .text.v7_outer_cache_inval_all
                0x00000000402f06dc        0x2 arch/arm/cpu/armv7/built-in.o
                0x00000000402f06dc                v7_outer_cache_inval_all
 .text.invalidate_dcache_all
                0x00000000402f06de        0xe arch/arm/cpu/armv7/built-in.o
                0x00000000402f06de                invalidate_dcache_all
 .text.arm_init_before_mmu
                0x00000000402f06ec       0x22 arch/arm/cpu/armv7/built-in.o
                0x00000000402f06ec                arm_init_before_mmu
 .text.cpu_cache_initialization
                0x00000000402f070e        0x2 arch/arm/cpu/armv7/built-in.o
                0x00000000402f070e                cpu_cache_initialization
 .text.cleanup_before_linux_select
                0x00000000402f0710       0x38 arch/arm/cpu/armv7/built-in.o
                0x00000000402f0710                cleanup_before_linux_select
 .text.cleanup_before_linux
                0x00000000402f0748        0x6 arch/arm/cpu/armv7/built-in.o
                0x00000000402f0748                cleanup_before_linux
 .text.sdelay   0x00000000402f074e        0x6 arch/arm/cpu/armv7/built-in.o
                0x00000000402f074e                sdelay
 .text.wait_on_value
                0x00000000402f0754       0x1a arch/arm/cpu/armv7/built-in.o
                0x00000000402f0754                wait_on_value
 *fill*         0x00000000402f076e        0x2 
 .text.reset_cpu
                0x00000000402f0770        0xc arch/arm/cpu/armv7/built-in.o
                0x00000000402f0770                reset_cpu
 .text.timer_init
                0x00000000402f077c       0x10 arch/arm/cpu/armv7/built-in.o
                0x00000000402f077c                timer_init
 .text.__udelay
                0x00000000402f078c       0x2c arch/arm/cpu/armv7/built-in.o
                0x00000000402f078c                __udelay
 .text.get_timer_masked
                0x00000000402f07b8       0x34 arch/arm/cpu/armv7/built-in.o
                0x00000000402f07b8                get_timer_masked
 .text.get_timer
                0x00000000402f07ec        0xc arch/arm/cpu/armv7/built-in.o
                0x00000000402f07ec                get_timer
 .text.enable_caches
                0x00000000402f07f8        0x4 arch/arm/cpu/armv7/built-in.o
                0x00000000402f07f8                enable_caches
 .text.dram_bank_mmu_setup
                0x00000000402f07fc       0x26 arch/arm/cpu/armv7/built-in.o
                0x00000000402f07fc                dram_bank_mmu_setup
 .text.sram_bank_mmu_setup
                0x00000000402f0822       0x1c arch/arm/cpu/armv7/built-in.o
                0x00000000402f0822                sram_bank_mmu_setup
 .text.arm_init_domains
                0x00000000402f083e       0x12 arch/arm/cpu/armv7/built-in.o
                0x00000000402f083e                arm_init_domains
 .text.omap_sys_boot_device
                0x00000000402f0850        0x4 arch/arm/cpu/armv7/built-in.o
                0x00000000402f0850                omap_sys_boot_device
 .text.save_omap_boot_params
                0x00000000402f0854       0x78 arch/arm/cpu/armv7/built-in.o
                0x00000000402f0854                save_omap_boot_params
 .text.spl_boot_device
                0x00000000402f08cc        0x6 arch/arm/cpu/armv7/built-in.o
                0x00000000402f08cc                spl_boot_device
 .text.spl_boot_mode
                0x00000000402f08d2        0x6 arch/arm/cpu/armv7/built-in.o
                0x00000000402f08d2                spl_boot_mode
 .text.spl_board_init
                0x00000000402f08d8       0x28 arch/arm/cpu/armv7/built-in.o
                0x00000000402f08d8                spl_board_init
 .text.board_mmc_init
                0x00000000402f0900       0x46 arch/arm/cpu/armv7/built-in.o
                0x00000000402f0900                board_mmc_init
 *fill*         0x00000000402f0946        0x2 
 .text.jump_to_image_no_args
                0x00000000402f0948       0x10 arch/arm/cpu/armv7/built-in.o
                0x00000000402f0948                jump_to_image_no_args
 .text.enable_gpmc_cs_config
                0x00000000402f0958       0x4c arch/arm/cpu/armv7/built-in.o
                0x00000000402f0958                enable_gpmc_cs_config
 .text.gpmc_init
                0x00000000402f09a4       0x64 arch/arm/cpu/armv7/built-in.o
                0x00000000402f09a4                gpmc_init
 .text.get_dpll_mpu_params
                0x00000000402f0a08        0x8 arch/arm/cpu/armv7/built-in.o
                0x00000000402f0a08                get_dpll_mpu_params
 .text.get_dpll_core_params
                0x00000000402f0a10        0x8 arch/arm/cpu/armv7/built-in.o
                0x00000000402f0a10                get_dpll_core_params
 .text.get_dpll_per_params
                0x00000000402f0a18        0x8 arch/arm/cpu/armv7/built-in.o
                0x00000000402f0a18                get_dpll_per_params
 .text.setup_clocks_for_console
                0x00000000402f0a20       0x78 arch/arm/cpu/armv7/built-in.o
                0x00000000402f0a20                setup_clocks_for_console
 .text.enable_basic_clocks
                0x00000000402f0a98       0x40 arch/arm/cpu/armv7/built-in.o
                0x00000000402f0a98                enable_basic_clocks
 .text.do_setup_dpll
                0x00000000402f0ad8       0xc4 arch/arm/cpu/armv7/built-in.o
                0x00000000402f0ad8                do_setup_dpll
 .text.do_enable_clocks
                0x00000000402f0b9c       0x60 arch/arm/cpu/armv7/built-in.o
                0x00000000402f0b9c                do_enable_clocks
 .text.scale_vcores
                0x00000000402f0bfc        0x2 arch/arm/cpu/armv7/built-in.o
                0x00000000402f0bfc                scale_vcores
 *fill*         0x00000000402f0bfe        0x2 
 .text.prcm_init
                0x00000000402f0c00       0x60 arch/arm/cpu/armv7/built-in.o
                0x00000000402f0c00                prcm_init
 .text.am335x_get_efuse_mpu_max_freq
                0x00000000402f0c60       0x70 arch/arm/cpu/armv7/built-in.o
                0x00000000402f0c60                am335x_get_efuse_mpu_max_freq
 .text.configure_mr
                0x00000000402f0cd0       0x64 arch/arm/cpu/armv7/built-in.o
 .text.config_sdram_emif4d5
                0x00000000402f0d34       0xf0 arch/arm/cpu/armv7/built-in.o
                0x00000000402f0d34                config_sdram_emif4d5
 .text.config_sdram
                0x00000000402f0e24       0x54 arch/arm/cpu/armv7/built-in.o
                0x00000000402f0e24                config_sdram
 .text.set_sdram_timings
                0x00000000402f0e78       0x24 arch/arm/cpu/armv7/built-in.o
                0x00000000402f0e78                set_sdram_timings
 .text.config_ddr_phy
                0x00000000402f0e9c      0x110 arch/arm/cpu/armv7/built-in.o
                0x00000000402f0e9c                config_ddr_phy
 .text.config_cmd_ctrl
                0x00000000402f0fac       0x2c arch/arm/cpu/armv7/built-in.o
                0x00000000402f0fac                config_cmd_ctrl
 .text.config_ddr_data
                0x00000000402f0fd8       0x34 arch/arm/cpu/armv7/built-in.o
                0x00000000402f0fd8                config_ddr_data
 .text.config_io_ctrl
                0x00000000402f100c       0x20 arch/arm/cpu/armv7/built-in.o
                0x00000000402f100c                config_io_ctrl
 .text.dram_init_banksize
                0x00000000402f102c       0x16 arch/arm/cpu/armv7/built-in.o
                0x00000000402f102c                dram_init_banksize
 .text.ddr_pll_config
                0x00000000402f1042        0x2 arch/arm/cpu/armv7/built-in.o
                0x00000000402f1042                ddr_pll_config
 .text.config_ddr
                0x00000000402f1044       0x90 arch/arm/cpu/armv7/built-in.o
                0x00000000402f1044                config_ddr
 .text.board_early_init_f
                0x00000000402f10d4        0xe arch/arm/cpu/armv7/built-in.o
                0x00000000402f10d4                board_early_init_f
 .text.board_init_f
                0x00000000402f10e2       0x1c arch/arm/cpu/armv7/built-in.o
                0x00000000402f10e2                board_init_f
 *fill*         0x00000000402f10fe        0x2 
 .text.s_init   0x00000000402f1100       0x60 arch/arm/cpu/armv7/built-in.o
                0x00000000402f1100                s_init
 .text.configure_module_pin_mux
                0x00000000402f1160       0x20 arch/arm/cpu/armv7/built-in.o
                0x00000000402f1160                configure_module_pin_mux
 .text          0x00000000402f1180       0x70 arch/arm/lib/built-in.o
                0x00000000402f1180                _main
 .text.cp_delay
                0x00000000402f11f0       0x18 arch/arm/lib/built-in.o
 .text.set_section_dcache
                0x00000000402f1208       0x12 arch/arm/lib/built-in.o
                0x00000000402f1208                set_section_dcache
 .text.icache_enable
                0x00000000402f121a       0x14 arch/arm/lib/built-in.o
                0x00000000402f121a                icache_enable
 .text.icache_disable
                0x00000000402f122e       0x1c arch/arm/lib/built-in.o
                0x00000000402f122e                icache_disable
 *fill*         0x00000000402f124a        0x2 
 .text.dcache_enable
                0x00000000402f124c       0x78 arch/arm/lib/built-in.o
                0x00000000402f124c                dcache_enable
 .text.dcache_disable
                0x00000000402f12c4       0x24 arch/arm/lib/built-in.o
                0x00000000402f12c4                dcache_disable
 .text.default_serial_console
                0x00000000402f12e8        0x8 board/myirtech/myd_c335x/built-in.o
                0x00000000402f12e8                default_serial_console
 .text.set_uart_mux_conf
                0x00000000402f12f0       0x1c board/myirtech/myd_c335x/built-in.o
                0x00000000402f12f0                set_uart_mux_conf
 .text.set_mux_conf_regs
                0x00000000402f130c       0x4c board/myirtech/myd_c335x/built-in.o
                0x00000000402f130c                set_mux_conf_regs
 .text.am33xx_spl_board_init
                0x00000000402f1358       0x34 board/myirtech/myd_c335x/built-in.o
                0x00000000402f1358                am33xx_spl_board_init
 .text.get_dpll_ddr_params
                0x00000000402f138c        0x8 board/myirtech/myd_c335x/built-in.o
                0x00000000402f138c                get_dpll_ddr_params
 .text.sdram_init
                0x00000000402f1394       0x90 board/myirtech/myd_c335x/built-in.o
                0x00000000402f1394                sdram_init
 .text.spl_board_prepare_for_boot
                0x00000000402f1424        0x2 common/spl/built-in.o
                0x00000000402f1424                spl_board_prepare_for_boot
 *fill*         0x00000000402f1426        0x2 
 .text.spl_set_header_raw_uboot
                0x00000000402f1428       0x24 common/spl/built-in.o
                0x00000000402f1428                spl_set_header_raw_uboot
 .text.spl_parse_image_header
                0x00000000402f144c       0x4c common/spl/built-in.o
                0x00000000402f144c                spl_parse_image_header
 .text.spl_init
                0x00000000402f1498       0x1c common/spl/built-in.o
                0x00000000402f1498                spl_init
 .text.board_boot_order
                0x00000000402f14b4        0xc common/spl/built-in.o
                0x00000000402f14b4                board_boot_order
 .text.board_init_r
                0x00000000402f14c0      0x114 common/spl/built-in.o
                0x00000000402f14c0                board_init_r
 .text.preloader_console_init
                0x00000000402f15d4       0x24 common/spl/built-in.o
                0x00000000402f15d4                preloader_console_init
 .text.spl_relocate_stack_gd
                0x00000000402f15f8       0x18 common/spl/built-in.o
                0x00000000402f15f8                spl_relocate_stack_gd
 .text.getcymodem
                0x00000000402f1610       0x16 common/spl/built-in.o
 *fill*         0x00000000402f1626        0x2 
 .text.spl_ymodem_load_image
                0x00000000402f1628       0xa0 common/spl/built-in.o
                0x00000000402f1628                spl_ymodem_load_image
 .text.spl_nand_load_image
                0x00000000402f16c8       0x3c common/spl/built-in.o
                0x00000000402f16c8                spl_nand_load_image
 .text.spl_mmc_get_device_index
                0x00000000402f1704       0x28 common/spl/built-in.o
                0x00000000402f1704                spl_mmc_get_device_index
 .text.spl_mmc_do_fs_boot
                0x00000000402f172c       0x30 common/spl/built-in.o
                0x00000000402f172c                spl_mmc_do_fs_boot
 .text.spl_mmc_load_image
                0x00000000402f175c      0x100 common/spl/built-in.o
                0x00000000402f175c                spl_mmc_load_image
 .text.spl_load_image_fat
                0x00000000402f185c       0x7c common/spl/built-in.o
                0x00000000402f185c                spl_load_image_fat
 .text.spl_load_image_ext
                0x00000000402f18d8       0xc0 common/spl/built-in.o
                0x00000000402f18d8                spl_load_image_ext
 .text.board_init_f_alloc_reserve
                0x00000000402f1998        0xa common/init/built-in.o
                0x00000000402f1998                board_init_f_alloc_reserve
 .text.board_init_f_init_reserve
                0x00000000402f19a2       0x14 common/init/built-in.o
                0x00000000402f19a2                board_init_f_init_reserve
 *fill*         0x00000000402f19b6        0x2 
 .text.CYGACC_COMM_IF_GETC_TIMEOUT.isra.0
                0x00000000402f19b8       0x2c common/built-in.o
 .text.xyzModem_flush
                0x00000000402f19e4       0x14 common/built-in.o
 .text.xyzModem_get_hdr
                0x00000000402f19f8      0x170 common/built-in.o
 .text.xyzModem_stream_open
                0x00000000402f1b68      0x17c common/built-in.o
                0x00000000402f1b68                xyzModem_stream_open
 .text.xyzModem_stream_read
                0x00000000402f1ce4      0x1c0 common/built-in.o
                0x00000000402f1ce4                xyzModem_stream_read
 .text.xyzModem_stream_close
                0x00000000402f1ea4       0x40 common/built-in.o
                0x00000000402f1ea4                xyzModem_stream_close
 .text.xyzModem_stream_terminate
                0x00000000402f1ee4       0x68 common/built-in.o
                0x00000000402f1ee4                xyzModem_stream_terminate
 .text.xyzModem_error
                0x00000000402f1f4c       0x18 common/built-in.o
                0x00000000402f1f4c                xyzModem_error
 .text.putc     0x00000000402f1f64       0x24 common/built-in.o
                0x00000000402f1f64                putc
 .text.puts     0x00000000402f1f88       0x24 common/built-in.o
                0x00000000402f1f88                puts
 .text.fgetc    0x00000000402f1fac       0x18 common/built-in.o
                0x00000000402f1fac                fgetc
 .text.getc     0x00000000402f1fc4       0x1a common/built-in.o
                0x00000000402f1fc4                getc
 *fill*         0x00000000402f1fde        0x2 
 .text.ftstc    0x00000000402f1fe0       0x18 common/built-in.o
                0x00000000402f1fe0                ftstc
 .text.tstc     0x00000000402f1ff8       0x1a common/built-in.o
                0x00000000402f1ff8                tstc
 *fill*         0x00000000402f2012        0x2 
 .text.sbrk     0x00000000402f2014       0x44 common/built-in.o
                0x00000000402f2014                sbrk
 .text.mem_malloc_init
                0x00000000402f2058       0x28 common/built-in.o
                0x00000000402f2058                mem_malloc_init
 .text.malloc_trim
                0x00000000402f2080       0x80 common/built-in.o
                0x00000000402f2080                malloc_trim
 .text.free     0x00000000402f2100      0x168 common/built-in.o
                0x00000000402f2100                free
 .text.malloc   0x00000000402f2268      0x3fc common/built-in.o
                0x00000000402f2268                malloc
 .text.calloc   0x00000000402f2664       0xbc common/built-in.o
                0x00000000402f2664                calloc
 .text.memalign
                0x00000000402f2720       0xe6 common/built-in.o
                0x00000000402f2720                memalign
 .text.malloc_simple
                0x00000000402f2806       0x28 common/built-in.o
                0x00000000402f2806                malloc_simple
 .text.get_ram_size
                0x00000000402f282e       0x90 common/built-in.o
                0x00000000402f282e                get_ram_size
 .text.get_effective_memsize
                0x00000000402f28be        0x6 common/built-in.o
                0x00000000402f28be                get_effective_memsize
 .text.part_init
                0x00000000402f28c4       0x2c disk/built-in.o
                0x00000000402f28c4                part_init
 .text.part_get_info
                0x00000000402f28f0       0x44 disk/built-in.o
                0x00000000402f28f0                part_get_info
 .text.test_block_type
                0x00000000402f2934       0x50 disk/built-in.o
 .text.part_test_dos
                0x00000000402f2984       0x40 disk/built-in.o
 .text.part_get_info_extended
                0x00000000402f29c4      0x23c disk/built-in.o
 .text.part_get_info_dos
                0x00000000402f2c00       0x16 disk/built-in.o
                0x00000000402f2c00                part_get_info_dos
 .text.iso_dread
                0x00000000402f2c16       0x22 disk/built-in.o
                0x00000000402f2c16                iso_dread
 .text.part_get_info_iso_verb
                0x00000000402f2c38      0x2cc disk/built-in.o
                0x00000000402f2c38                part_get_info_iso_verb
 .text.part_test_iso
                0x00000000402f2f04       0x14 disk/built-in.o
 .text.part_print_iso
                0x00000000402f2f18       0x60 disk/built-in.o
 .text.part_get_info_iso
                0x00000000402f2f78        0x6 disk/built-in.o
 *fill*         0x00000000402f2f7e        0x2 
 .text.print_efiname
                0x00000000402f2f80       0x38 disk/built-in.o
 .text.part_test_efi
                0x00000000402f2fb8       0x76 disk/built-in.o
 *fill*         0x00000000402f302e        0x2 
 .text.validate_gpt_entries
                0x00000000402f3030       0x80 disk/built-in.o
 .text.validate_gpt_header
                0x00000000402f30b0      0x1a0 disk/built-in.o
 .text.is_gpt_valid
                0x00000000402f3250      0x138 disk/built-in.o
 .text.is_pte_valid
                0x00000000402f3388       0x38 disk/built-in.o
 .text.part_get_info_efi
                0x00000000402f33c0      0x174 disk/built-in.o
                0x00000000402f33c0                part_get_info_efi
 .text.i2c_get_adapter
                0x00000000402f3534       0x40 drivers/built-in.o
                0x00000000402f3534                i2c_get_adapter
 .text.i2c_init_bus
                0x00000000402f3574       0x64 drivers/built-in.o
 .text.i2c_init
                0x00000000402f35d8        0xe drivers/built-in.o
                0x00000000402f35d8                i2c_init
 *fill*         0x00000000402f35e6        0x2 
 .text.omap24_get_base.isra.0
                0x00000000402f35e8       0x34 drivers/built-in.o
 .text.omap24_i2c_setspeed
                0x00000000402f361c       0xbc drivers/built-in.o
 .text.wait_for_bb
                0x00000000402f36d8       0x4c drivers/built-in.o
 .text.wait_for_event
                0x00000000402f3724       0x50 drivers/built-in.o
 .text.flush_fifo
                0x00000000402f3774       0x24 drivers/built-in.o
 .text.omap24_i2c_write
                0x00000000402f3798      0x170 drivers/built-in.o
 .text.omap24_i2c_read
                0x00000000402f3908      0x14c drivers/built-in.o
 .text.omap24_i2c_probe
                0x00000000402f3a54       0x90 drivers/built-in.o
 .text.omap24_i2c_init
                0x00000000402f3ae4      0x154 drivers/built-in.o
 .text.check_gpio
                0x00000000402f3c38       0x1c drivers/built-in.o
 .text.gpio_is_valid
                0x00000000402f3c54        0xa drivers/built-in.o
                0x00000000402f3c54                gpio_is_valid
 *fill*         0x00000000402f3c5e        0x2 
 .text.gpio_get_value
                0x00000000402f3c60       0x48 drivers/built-in.o
                0x00000000402f3c60                gpio_get_value
 .text.gpio_direction_input
                0x00000000402f3ca8       0x38 drivers/built-in.o
                0x00000000402f3ca8                gpio_direction_input
 .text.gpio_request
                0x00000000402f3ce0        0xa drivers/built-in.o
                0x00000000402f3ce0                gpio_request
 .text.mmc_berase
                0x00000000402f3cea        0x4 drivers/built-in.o
 .text.mmc_bwrite
                0x00000000402f3cee        0x4 drivers/built-in.o
 .text.mmc_set_ios
                0x00000000402f3cf2        0xc drivers/built-in.o
 .text.mmc_set_capacity
                0x00000000402f3cfe       0x68 drivers/built-in.o
 .text.board_mmc_getcd
                0x00000000402f3d66        0x6 drivers/built-in.o
                0x00000000402f3d66                board_mmc_getcd
 .text.mmc_send_cmd
                0x00000000402f3d6c        0x8 drivers/built-in.o
                0x00000000402f3d6c                mmc_send_cmd
 .text.mmc_send_ext_csd
                0x00000000402f3d74       0x2e drivers/built-in.o
 .text.mmc_go_idle
                0x00000000402f3da2       0x32 drivers/built-in.o
 .text.mmc_send_op_cond_iter
                0x00000000402f3dd4       0x44 drivers/built-in.o
 .text.mmc_send_status
                0x00000000402f3e18       0x90 drivers/built-in.o
                0x00000000402f3e18                mmc_send_status
 .text.mmc_switch.isra.0
                0x00000000402f3ea8       0x34 drivers/built-in.o
 .text.mmc_select_bus_width
                0x00000000402f3edc       0xc8 drivers/built-in.o
 .text.mmc_set_blocklen
                0x00000000402f3fa4       0x26 drivers/built-in.o
                0x00000000402f3fa4                mmc_set_blocklen
 *fill*         0x00000000402f3fca        0x2 
 .text.find_mmc_device
                0x00000000402f3fcc       0x30 drivers/built-in.o
                0x00000000402f3fcc                find_mmc_device
 .text.mmc_switch_part
                0x00000000402f3ffc       0x40 drivers/built-in.o
                0x00000000402f3ffc                mmc_switch_part
 .text.mmc_select_hwpart
                0x00000000402f403c       0x44 drivers/built-in.o
                0x00000000402f403c                mmc_select_hwpart
 .text.mmc_bread
                0x00000000402f4080       0xe0 drivers/built-in.o
 .text.mmc_getcd
                0x00000000402f4160       0x20 drivers/built-in.o
                0x00000000402f4160                mmc_getcd
 .text.mmc_set_clock
                0x00000000402f4180       0x1c drivers/built-in.o
                0x00000000402f4180                mmc_set_clock
 .text.mmc_startup
                0x00000000402f419c      0x904 drivers/built-in.o
 .text.mmc_create
                0x00000000402f4aa0       0x98 drivers/built-in.o
                0x00000000402f4aa0                mmc_create
 .text.board_mmc_power_init
                0x00000000402f4b38        0x2 drivers/built-in.o
                0x00000000402f4b38                board_mmc_power_init
 *fill*         0x00000000402f4b3a        0x2 
 .text.mmc_start_init
                0x00000000402f4b3c      0x184 drivers/built-in.o
                0x00000000402f4b3c                mmc_start_init
 .text.mmc_init
                0x00000000402f4cc0       0x94 drivers/built-in.o
                0x00000000402f4cc0                mmc_init
 .text.cpu_mmc_init
                0x00000000402f4d54        0x6 drivers/built-in.o
                0x00000000402f4d54                cpu_mmc_init
 *fill*         0x00000000402f4d5a        0x2 
 .text.mmc_initialize
                0x00000000402f4d5c       0x4c drivers/built-in.o
                0x00000000402f4d5c                mmc_initialize
 .text.omap_hsmmc_set_ios
                0x00000000402f4da8       0xf8 drivers/built-in.o
 .text.omap_hsmmc_getwp
                0x00000000402f4ea0       0x10 drivers/built-in.o
 .text.omap_hsmmc_getcd
                0x00000000402f4eb0       0x1a drivers/built-in.o
 .text.omap_mmc_setup_gpio_in
                0x00000000402f4eca       0x2a drivers/built-in.o
 .text.mmc_reset_controller_fsm
                0x00000000402f4ef4       0x6c drivers/built-in.o
 .text.omap_hsmmc_send_cmd
                0x00000000402f4f60      0x2f8 drivers/built-in.o
 .text.mmc_init_stream
                0x00000000402f5258       0x80 drivers/built-in.o
                0x00000000402f5258                mmc_init_stream
 .text.omap_hsmmc_init_setup
                0x00000000402f52d8      0x118 drivers/built-in.o
 .text.omap_mmc_init
                0x00000000402f53f0       0xc4 drivers/built-in.o
                0x00000000402f53f0                omap_mmc_init
 .text.get_current
                0x00000000402f54b4       0x2c drivers/built-in.o
 .text.serial_init
                0x00000000402f54e0       0x1a drivers/built-in.o
                0x00000000402f54e0                serial_init
 .text.serial_getc
                0x00000000402f54fa        0xe drivers/built-in.o
                0x00000000402f54fa                serial_getc
 .text.serial_tstc
                0x00000000402f5508        0xe drivers/built-in.o
                0x00000000402f5508                serial_tstc
 .text.serial_putc
                0x00000000402f5516       0x12 drivers/built-in.o
                0x00000000402f5516                serial_putc
 .text.serial_puts
                0x00000000402f5528       0x12 drivers/built-in.o
                0x00000000402f5528                serial_puts
 *fill*         0x00000000402f553a        0x2 
 .text._serial_putc
                0x00000000402f553c       0x2c drivers/built-in.o
 .text.eserial1_putc
                0x00000000402f5568        0x6 drivers/built-in.o
 .text.eserial1_puts
                0x00000000402f556e       0x14 drivers/built-in.o
 *fill*         0x00000000402f5582        0x2 
 .text.eserial1_tstc
                0x00000000402f5584        0xc drivers/built-in.o
 .text._serial_setbrg
                0x00000000402f5590       0x2c drivers/built-in.o
 .text.eserial1_setbrg
                0x00000000402f55bc        0x6 drivers/built-in.o
 *fill*         0x00000000402f55c2        0x2 
 .text.eserial1_init
                0x00000000402f55c4       0x24 drivers/built-in.o
 .text.eserial1_getc
                0x00000000402f55e8       0x10 drivers/built-in.o
 .text.ns16550_calc_divisor
                0x00000000402f55f8       0x10 drivers/built-in.o
                0x00000000402f55f8                ns16550_calc_divisor
 .text.NS16550_init
                0x00000000402f5608       0x34 drivers/built-in.o
                0x00000000402f5608                NS16550_init
 .text.NS16550_reinit
                0x00000000402f563c       0x28 drivers/built-in.o
                0x00000000402f563c                NS16550_reinit
 .text.NS16550_putc
                0x00000000402f5664       0x14 drivers/built-in.o
                0x00000000402f5664                NS16550_putc
 .text.NS16550_getc
                0x00000000402f5678       0x18 drivers/built-in.o
                0x00000000402f5678                NS16550_getc
 .text.NS16550_tstc
                0x00000000402f5690        0xa drivers/built-in.o
                0x00000000402f5690                NS16550_tstc
 *fill*         0x00000000402f569a        0x2 
 .text.nand_command
                0x00000000402f569c      0x21e drivers/built-in.o
 *fill*         0x00000000402f58ba        0x2 
 .text.nand_spl_load_image
                0x00000000402f58bc      0x164 drivers/built-in.o
                0x00000000402f58bc                nand_spl_load_image
 .text.nand_init
                0x00000000402f5a20       0x3c drivers/built-in.o
                0x00000000402f5a20                nand_init
 .text.nand_deselect
                0x00000000402f5a5c       0x18 drivers/built-in.o
                0x00000000402f5a5c                nand_deselect
 .text.nand_read_buf
                0x00000000402f5a74       0x1c drivers/built-in.o
                0x00000000402f5a74                nand_read_buf
 .text.nand_read_buf16
                0x00000000402f5a90       0x1e drivers/built-in.o
                0x00000000402f5a90                nand_read_buf16
 .text.nand_wait_status_ready.constprop.15
                0x00000000402f5aae       0x2c drivers/built-in.o
 .text.nand_wait_ready
                0x00000000402f5ada       0x2a drivers/built-in.o
                0x00000000402f5ada                nand_wait_ready
 .text.omap_nand_hwcontrol
                0x00000000402f5b04       0x54 drivers/built-in.o
 .text.omap_dev_ready
                0x00000000402f5b58       0x20 drivers/built-in.o
 .text.omap_enable_hwecc
                0x00000000402f5b78       0x8c drivers/built-in.o
 .text.omap_calculate_ecc
                0x00000000402f5c04       0xec drivers/built-in.o
 .text.omap_reverse_list
                0x00000000402f5cf0       0x1e drivers/built-in.o
 .text.omap_read_page_bch
                0x00000000402f5d0e      0x12c drivers/built-in.o
 *fill*         0x00000000402f5e3a        0x2 
 .text.omap_correct_data_bch
                0x00000000402f5e3c      0x11c drivers/built-in.o
 .text.omap_nand_read_prefetch
                0x00000000402f5f58       0xec drivers/built-in.o
 .text.board_nand_init
                0x00000000402f6044      0x144 drivers/built-in.o
                0x00000000402f6044                board_nand_init
 .text.elm_check_error
                0x00000000402f6188      0x138 drivers/built-in.o
                0x00000000402f6188                elm_check_error
 .text.elm_config
                0x00000000402f62c0       0x34 drivers/built-in.o
                0x00000000402f62c0                elm_config
 .text.elm_reset
                0x00000000402f62f4       0x1c drivers/built-in.o
                0x00000000402f62f4                elm_reset
 .text.elm_init
                0x00000000402f6310       0x14 drivers/built-in.o
                0x00000000402f6310                elm_init
 .text.hw_watchdog_reset
                0x00000000402f6324       0x24 drivers/built-in.o
                0x00000000402f6324                hw_watchdog_reset
 .text.hw_watchdog_init
                0x00000000402f6348       0x48 drivers/built-in.o
                0x00000000402f6348                hw_watchdog_init
 .text.downcase
                0x00000000402f6390       0x1c fs/built-in.o
 .text.disk_read
                0x00000000402f63ac       0x30 fs/built-in.o
 .text.get_fatent
                0x00000000402f63dc       0xcc fs/built-in.o
 .text.mkcksum  0x00000000402f64a8       0x36 fs/built-in.o
 *fill*         0x00000000402f64de        0x2 
 .text.get_cluster
                0x00000000402f64e0       0xf0 fs/built-in.o
 .text.get_name
                0x00000000402f65d0       0x70 fs/built-in.o
 .text.read_bootsectandvi
                0x00000000402f6640       0xb4 fs/built-in.o
 .text.slot2str
                0x00000000402f66f4       0x5c fs/built-in.o
 .text.get_vfatname
                0x00000000402f6750      0x10c fs/built-in.o
 .text.fat_set_blk_dev
                0x00000000402f685c       0x88 fs/built-in.o
                0x00000000402f685c                fat_set_blk_dev
 .text.fat_register_device
                0x00000000402f68e4       0x54 fs/built-in.o
                0x00000000402f68e4                fat_register_device
 .text.do_fat_read_at
                0x00000000402f6938      0x8f0 fs/built-in.o
                0x00000000402f6938                do_fat_read_at
 .text.file_fat_read_at
                0x00000000402f7228       0x3c fs/built-in.o
                0x00000000402f7228                file_fat_read_at
 .text.file_fat_read
                0x00000000402f7264       0x22 fs/built-in.o
                0x00000000402f7264                file_fat_read
 *fill*         0x00000000402f7286        0x2 
 .text.get_fs   0x00000000402f7288        0x8 fs/built-in.o
                0x00000000402f7288                get_fs
 .text.ext4fs_free_node
                0x00000000402f7290       0x18 fs/built-in.o
                0x00000000402f7290                ext4fs_free_node
 .text.ext4fs_read_file
                0x00000000402f72a8      0x244 fs/built-in.o
                0x00000000402f72a8                ext4fs_read_file
 .text.ext4fs_read
                0x00000000402f74ec       0x30 fs/built-in.o
                0x00000000402f74ec                ext4fs_read
 .text.ext4fs_read_inode
                0x00000000402f751c       0xbe fs/built-in.o
                0x00000000402f751c                ext4fs_read_inode
 *fill*         0x00000000402f75da        0x2 
 .text.read_allocated_block
                0x00000000402f75dc      0x648 fs/built-in.o
                0x00000000402f75dc                read_allocated_block
 .text.ext4fs_iterate_dir
                0x00000000402f7c24      0x1ec fs/built-in.o
                0x00000000402f7c24                ext4fs_iterate_dir
 .text.ext4fs_find_file1
                0x00000000402f7e10      0x1b4 fs/built-in.o
 .text.ext4fs_find_file
                0x00000000402f7fc4       0x40 fs/built-in.o
                0x00000000402f7fc4                ext4fs_find_file
 .text.ext4fs_open
                0x00000000402f8004       0x60 fs/built-in.o
                0x00000000402f8004                ext4fs_open
 .text.ext4fs_mount
                0x00000000402f8064       0x84 fs/built-in.o
                0x00000000402f8064                ext4fs_mount
 .text.ext4fs_set_blk_dev
                0x00000000402f80e8       0x4c fs/built-in.o
                0x00000000402f80e8                ext4fs_set_blk_dev
 .text.ext4fs_devread
                0x00000000402f8134      0x194 fs/built-in.o
                0x00000000402f8134                ext4fs_devread
 .text.ext4_read_superblock
                0x00000000402f82c8       0x28 fs/built-in.o
                0x00000000402f82c8                ext4_read_superblock
 .text.crc16_ccitt
                0x00000000402f82f0       0x28 lib/built-in.o
                0x00000000402f82f0                crc16_ccitt
 .text.crc32_no_comp
                0x00000000402f8318       0x8c lib/built-in.o
                0x00000000402f8318                crc32_no_comp
 .text.crc32    0x00000000402f83a4        0xc lib/built-in.o
                0x00000000402f83a4                crc32
 .text.__div64_32
                0x00000000402f83b0       0x7e lib/built-in.o
                0x00000000402f83b0                __div64_32
 *fill*         0x00000000402f842e        0x2 
 .text.hang     0x00000000402f8430       0x10 lib/built-in.o
                0x00000000402f8430                hang
 .text.strcpy   0x00000000402f8440       0x10 lib/built-in.o
                0x00000000402f8440                strcpy
 .text.strncpy  0x00000000402f8450       0x18 lib/built-in.o
                0x00000000402f8450                strncpy
 .text.strcmp   0x00000000402f8468       0x1a lib/built-in.o
                0x00000000402f8468                strcmp
 .text.strncmp  0x00000000402f8482       0x26 lib/built-in.o
                0x00000000402f8482                strncmp
 .text.strchr   0x00000000402f84a8       0x18 lib/built-in.o
                0x00000000402f84a8                strchr
 .text.strlen   0x00000000402f84c0       0x10 lib/built-in.o
                0x00000000402f84c0                strlen
 .text.strnlen  0x00000000402f84d0       0x18 lib/built-in.o
                0x00000000402f84d0                strnlen
 .text.memset   0x00000000402f84e8       0x46 lib/built-in.o
                0x00000000402f84e8                memset
 .text.memcpy   0x00000000402f852e       0x4c lib/built-in.o
                0x00000000402f852e                memcpy
 .text.memmove  0x00000000402f857a       0x32 lib/built-in.o
                0x00000000402f857a                memmove
 .text.memcmp   0x00000000402f85ac       0x1e lib/built-in.o
                0x00000000402f85ac                memcmp
 *fill*         0x00000000402f85ca        0x2 
 .text.udelay   0x00000000402f85cc       0x24 lib/built-in.o
                0x00000000402f85cc                udelay
 .text.uuid_bin_to_str
                0x00000000402f85f0       0x78 lib/built-in.o
                0x00000000402f85f0                uuid_bin_to_str
 .text.put_dec_trunc
                0x00000000402f8668       0x9a lib/built-in.o
 *fill*         0x00000000402f8702        0x2 
 .text.string   0x00000000402f8704       0x78 lib/built-in.o
 .text.put_dec  0x00000000402f877c       0xf0 lib/built-in.o
 .text.number   0x00000000402f886c      0x1e8 lib/built-in.o
 .text.vsnprintf_internal
                0x00000000402f8a54      0x464 lib/built-in.o
 .text.vscnprintf
                0x00000000402f8eb8       0x16 lib/built-in.o
                0x00000000402f8eb8                vscnprintf
 .text.vsprintf
                0x00000000402f8ece        0xc lib/built-in.o
                0x00000000402f8ece                vsprintf
 .text.sprintf  0x00000000402f8eda       0x1a lib/built-in.o
                0x00000000402f8eda                sprintf
 .text.printf   0x00000000402f8ef4       0x32 lib/built-in.o
                0x00000000402f8ef4                printf
 .text.raise    0x00000000402f8f26        0x4 arch/arm/lib/eabi_compat.o
                0x00000000402f8f26                raise
 *fill*         0x00000000402f8f2a        0x6 
 .text          0x00000000402f8f30      0x278 /media/parth/data/MYD-AM335X_V20R2_20181010/04-Linux_source/Toolchain/gcc-linaro-5.3-2016.02-x86_64_arm-linux-gnueabihf/bin/../lib/gcc/arm-linux-gnueabihf/5.3.1/libgcc.a(_udivsi3.o)
                0x00000000402f8f30                __udivsi3
                0x00000000402f8f30                __aeabi_uidiv
                0x00000000402f918c                __aeabi_uidivmod
 .text          0x00000000402f91a8      0x2b0 /media/parth/data/MYD-AM335X_V20R2_20181010/04-Linux_source/Toolchain/gcc-linaro-5.3-2016.02-x86_64_arm-linux-gnueabihf/bin/../lib/gcc/arm-linux-gnueabihf/5.3.1/libgcc.a(_divsi3.o)
                0x00000000402f91a8                __aeabi_idiv
                0x00000000402f91a8                __divsi3
                0x00000000402f943c                __aeabi_idivmod
 .text          0x00000000402f9458       0x18 /media/parth/data/MYD-AM335X_V20R2_20181010/04-Linux_source/Toolchain/gcc-linaro-5.3-2016.02-x86_64_arm-linux-gnueabihf/bin/../lib/gcc/arm-linux-gnueabihf/5.3.1/libgcc.a(_lshrdi3.o)
                0x00000000402f9458                __aeabi_llsr
                0x00000000402f9458                __lshrdi3
 .text          0x00000000402f9470       0x18 /media/parth/data/MYD-AM335X_V20R2_20181010/04-Linux_source/Toolchain/gcc-linaro-5.3-2016.02-x86_64_arm-linux-gnueabihf/bin/../lib/gcc/arm-linux-gnueabihf/5.3.1/libgcc.a(_ashldi3.o)
                0x00000000402f9470                __ashldi3
                0x00000000402f9470                __aeabi_llsl
 .text          0x00000000402f9488        0xc /media/parth/data/MYD-AM335X_V20R2_20181010/04-Linux_source/Toolchain/gcc-linaro-5.3-2016.02-x86_64_arm-linux-gnueabihf/bin/../lib/gcc/arm-linux-gnueabihf/5.3.1/libgcc.a(_dvmd_lnx.o)
                0x00000000402f9488                __aeabi_ldiv0
                0x00000000402f9488                __aeabi_idiv0

.glue_7         0x00000000402f9494        0x0
 .glue_7        0x00000000402f9494        0x0 linker stubs

.glue_7t        0x00000000402f9494        0x0
 .glue_7t       0x00000000402f9494        0x0 linker stubs

.vfp11_veneer   0x00000000402f9494        0x0
 .vfp11_veneer  0x00000000402f9494        0x0 linker stubs

.v4_bx          0x00000000402f9494        0x0
 .v4_bx         0x00000000402f9494        0x0 linker stubs

.iplt           0x00000000402f9494        0x0
 .iplt          0x00000000402f9494        0x0 arch/arm/cpu/armv7/start.o
                0x00000000402f9494                . = ALIGN (0x4)

.rodata         0x00000000402f9494     0x4083
 *(SORT(.rodata*))
 .rodata        0x00000000402f9494       0xa0 arch/arm/cpu/armv7/built-in.o
 .rodata.dpll_ddr_regs
                0x00000000402f9534       0x24 arch/arm/cpu/armv7/built-in.o
                0x00000000402f9534                dpll_ddr_regs
 .rodata.dpll_mpu
                0x00000000402f9558       0x10 arch/arm/cpu/armv7/built-in.o
                0x00000000402f9558                dpll_mpu
 .rodata.dpll_per_regs
                0x00000000402f9568       0x24 arch/arm/cpu/armv7/built-in.o
                0x00000000402f9568                dpll_per_regs
 .rodata.cmwkup
                0x00000000402f958c        0x4 arch/arm/cpu/armv7/built-in.o
                0x00000000402f958c                cmwkup
 .rodata.dpll_core_opp100
                0x00000000402f9590       0x10 arch/arm/cpu/armv7/built-in.o
                0x00000000402f9590                dpll_core_opp100
 .rodata.dpll_core_regs
                0x00000000402f95a0       0x24 arch/arm/cpu/armv7/built-in.o
                0x00000000402f95a0                dpll_core_regs
 .rodata.dpll_core
                0x00000000402f95c4       0x10 arch/arm/cpu/armv7/built-in.o
                0x00000000402f95c4                dpll_core
 .rodata.dpll_per
                0x00000000402f95d4       0x10 arch/arm/cpu/armv7/built-in.o
                0x00000000402f95d4                dpll_per
 .rodata.dpll_mpu_regs
                0x00000000402f95e4       0x24 arch/arm/cpu/armv7/built-in.o
                0x00000000402f95e4                dpll_mpu_regs
 .rodata.ddr_data_reg
                0x00000000402f9608        0x8 arch/arm/cpu/armv7/built-in.o
 .rodata.ddr_cmd_reg
                0x00000000402f9610        0x8 arch/arm/cpu/armv7/built-in.o
 .rodata.emif_reg
                0x00000000402f9618        0x8 arch/arm/cpu/armv7/built-in.o
 .rodata.vtpreg
                0x00000000402f9620        0x8 arch/arm/cpu/armv7/built-in.o
 .rodata.gpio_bank_am33xx
                0x00000000402f9628       0x10 arch/arm/cpu/armv7/built-in.o
 .rodata.omap_gpio_bank
                0x00000000402f9638        0x4 arch/arm/cpu/armv7/built-in.o
                0x00000000402f9638                omap_gpio_bank
 .rodata.am33xx_serial
                0x00000000402f963c       0x10 arch/arm/cpu/armv7/built-in.o
 .rodata.ioregs
                0x00000000402f964c       0x20 board/myirtech/myd_c335x/built-in.o
                0x00000000402f964c                ioregs
 .rodata.ddr3_data
                0x00000000402f966c       0x18 board/myirtech/myd_c335x/built-in.o
 .rodata.ddr3_cmd_ctrl_data
                0x00000000402f9684       0x30 board/myirtech/myd_c335x/built-in.o
 .rodata.dpll_ddr
                0x00000000402f96b4       0x10 board/myirtech/myd_c335x/built-in.o
                0x00000000402f96b4                dpll_ddr
 .rodata.CSWTCH.28
                0x00000000402f96c4       0x20 common/built-in.o
 .rodata.bus_widths.9181
                0x00000000402f96e4        0x8 drivers/built-in.o
 .rodata.multipliers
                0x00000000402f96ec       0x40 drivers/built-in.o
 .rodata.fbase  0x00000000402f972c       0x10 drivers/built-in.o
 .rodata.ext_csd_bits.9180
                0x00000000402f973c        0x8 drivers/built-in.o
 .rodata.omap_hsmmc_ops
                0x00000000402f9744       0x18 drivers/built-in.o
 .rodata.serial_ports
                0x00000000402f975c       0x18 drivers/built-in.o
 .rodata.nand_ecc_pos
                0x00000000402f9774       0xe0 drivers/built-in.o
 .rodata.crc_table
                0x00000000402f9854      0x400 lib/built-in.o
 .rodata.crc16_tab
                0x00000000402f9c54      0x200 lib/built-in.o
 .rodata.str1.1
                0x00000000402f9e54      0x21a arch/arm/cpu/armv7/built-in.o
                                        0x21c (size before relaxing)
 .rodata.str1.1
                0x00000000402fa06e       0x50 board/myirtech/myd_c335x/built-in.o
 .rodata.str1.1
                0x00000000402fa0be      0x2ad common/spl/built-in.o
                                        0x2d7 (size before relaxing)
 .rodata.__func__.7654
                0x00000000402fa36b       0x18 common/spl/built-in.o
 .rodata.__func__.7673
                0x00000000402fa383       0x13 common/spl/built-in.o
 .rodata.__func__.7250
                0x00000000402fa396       0x13 common/spl/built-in.o
 .rodata.str1.1
                0x00000000402fa3a9      0xc6b common/built-in.o
                                        0xcc5 (size before relaxing)
 .rodata.str1.1
                0x00000000402fb014      0xb68 disk/built-in.o
                                        0xbc6 (size before relaxing)
 .rodata.__func__.7316
                0x00000000402fbb7c       0x17 disk/built-in.o
 .rodata.__func__.7321
                0x00000000402fbb93        0xd disk/built-in.o
 .rodata.__func__.7168
                0x00000000402fbba0       0x12 disk/built-in.o
 .rodata.__func__.7307
                0x00000000402fbbb2        0xd disk/built-in.o
 .rodata.str1.1
                0x00000000402fbbbf      0xbf5 drivers/built-in.o
                                        0xbff (size before relaxing)
 .rodata.__func__.9978
                0x00000000402fc7b4       0x14 drivers/built-in.o
 .rodata.__func__.10061
                0x00000000402fc7c8        0xf drivers/built-in.o
 .rodata.__func__.10116
                0x00000000402fc7d7       0x15 drivers/built-in.o
 .rodata.__func__.9901
                0x00000000402fc7ec       0x16 drivers/built-in.o
 .rodata.__func__.9963
                0x00000000402fc802       0x19 drivers/built-in.o
 .rodata.__func__.9863
                0x00000000402fc81b       0x10 drivers/built-in.o
 .rodata.__func__.10026
                0x00000000402fc82b        0xe drivers/built-in.o
 .rodata.str1.1
                0x00000000402fc839      0x999 fs/built-in.o
                                        0xa02 (size before relaxing)
 .rodata.__func__.7367
                0x00000000402fd1d2        0xf fs/built-in.o
 .rodata        0x00000000402fd1e1       0x20 lib/built-in.o
 .rodata.str1.1
                0x00000000402fd201      0x1f5 lib/built-in.o
                                        0x201 (size before relaxing)
 .rodata._ctype
                0x00000000402fd3f6      0x100 lib/built-in.o
                0x00000000402fd3f6                _ctype
 .rodata.digits.6994
                0x00000000402fd4f6       0x10 lib/built-in.o
 .rodata.hex_asc
                0x00000000402fd506       0x11 lib/built-in.o

.rel.dyn        0x00000000402fd518        0x0
 .rel.iplt      0x00000000402fd518        0x0 arch/arm/cpu/armv7/start.o
                0x00000000402fd518                . = ALIGN (0x4)

.data           0x00000000402fd518      0x7f4
 *(SORT(.data*))
 .data          0x00000000402fd518       0xd8 arch/arm/lib/built-in.o
                0x00000000402fd518                gdata
 .data.dpll_mpu_opp100
                0x00000000402fd5f0       0x10 arch/arm/cpu/armv7/built-in.o
                0x00000000402fd5f0                dpll_mpu_opp100
 .data.cstat    0x00000000402fd600        0x4 arch/arm/cpu/armv7/built-in.o
                0x00000000402fd600                cstat
 .data.nand_pin_mux
                0x00000000402fd604       0x80 board/myirtech/myd_c335x/built-in.o
 .data.mmc0_pin_mux
                0x00000000402fd684       0x38 board/myirtech/myd_c335x/built-in.o
 .data.i2c0_pin_mux
                0x00000000402fd6bc       0x18 board/myirtech/myd_c335x/built-in.o
 .data.myd_wdt_pin_mux
                0x00000000402fd6d4       0x18 board/myirtech/myd_c335x/built-in.o
 .data.rgmii1_pin_mux
                0x00000000402fd6ec       0x78 board/myirtech/myd_c335x/built-in.o
 .data.i2c1_pin_mux
                0x00000000402fd764       0x18 board/myirtech/myd_c335x/built-in.o
 .data.uart2_pin_mux
                0x00000000402fd77c       0x18 board/myirtech/myd_c335x/built-in.o
 .data.uart0_pin_mux
                0x00000000402fd794       0x18 board/myirtech/myd_c335x/built-in.o
 .data.status_led_pin_mux
                0x00000000402fd7ac       0x10 board/myirtech/myd_c335x/built-in.o
 .data.ddr3_emif_reg_data
                0x00000000402fd7bc       0x6c board/myirtech/myd_c335x/built-in.o
 .data          0x00000000402fd828       0x50 common/spl/built-in.o
 .data.boot_name_table
                0x00000000402fd878       0x30 common/spl/built-in.o
                0x00000000402fd878                boot_name_table
 .data.av_      0x00000000402fd8a8      0x408 common/built-in.o
 .data.sbrk_base
                0x00000000402fdcb0        0x4 common/built-in.o
 .data.trim_threshold
                0x00000000402fdcb4        0x4 common/built-in.o
 .data.cur_dev_num
                0x00000000402fdcb8        0x4 drivers/built-in.o
 .data.eserial1_device
                0x00000000402fdcbc       0x30 drivers/built-in.o
                0x00000000402fdcbc                eserial1_device
 .data.wdt_trgr_pattern
                0x00000000402fdcec        0x4 drivers/built-in.o
 .data.ext4fs_indir3_blkno
                0x00000000402fdcf0        0x4 fs/built-in.o
                0x00000000402fdcf0                ext4fs_indir3_blkno
 .data.ext4fs_indir2_blkno
                0x00000000402fdcf4        0x4 fs/built-in.o
                0x00000000402fdcf4                ext4fs_indir2_blkno
 .data.ext4fs_indir1_blkno
                0x00000000402fdcf8        0x4 fs/built-in.o
                0x00000000402fdcf8                ext4fs_indir1_blkno
 .data.system_guid
                0x00000000402fdcfc       0x10 disk/built-in.o

.igot.plt       0x00000000402fdd0c        0x0
 .igot.plt      0x00000000402fdd0c        0x0 arch/arm/cpu/armv7/start.o

.__bss_end      0x00000000402fdd0c        0x0
 .__bss_end     0x00000000402fdd0c        0x0 arch/arm/lib/built-in.o

.__bss_start    0x00000000402fdd0c        0x0
 .__bss_start   0x00000000402fdd0c        0x0 arch/arm/lib/built-in.o

.u_boot_list    0x00000000402fdd0c       0xc8
 *(SORT(.u_boot_list*))
 .u_boot_list_2_cmd_1
                0x00000000402fdd0c        0x0 common/built-in.o
 .u_boot_list_2_cmd_3
                0x00000000402fdd0c        0x0 common/built-in.o
 .u_boot_list_2_driver_info_2_am33xx_uarts
                0x00000000402fdd0c        0x8 arch/arm/cpu/armv7/built-in.o
                0x00000000402fdd0c                _u_boot_list_2_driver_info_2_am33xx_uarts
 .u_boot_list_2_i2c_1
                0x00000000402fdd14        0x0 drivers/built-in.o
 .u_boot_list_2_i2c_2_omap24_0
                0x00000000402fdd14       0x2c drivers/built-in.o
                0x00000000402fdd14                _u_boot_list_2_i2c_2_omap24_0
 .u_boot_list_2_i2c_2_omap24_1
                0x00000000402fdd40       0x2c drivers/built-in.o
                0x00000000402fdd40                _u_boot_list_2_i2c_2_omap24_1
 .u_boot_list_2_i2c_2_omap24_2
                0x00000000402fdd6c       0x2c drivers/built-in.o
                0x00000000402fdd6c                _u_boot_list_2_i2c_2_omap24_2
 .u_boot_list_2_i2c_3
                0x00000000402fdd98        0x0 drivers/built-in.o
 .u_boot_list_2_part_driver_1
                0x00000000402fdd98        0x0 disk/built-in.o
 .u_boot_list_2_part_driver_2_a_efi
                0x00000000402fdd98       0x14 disk/built-in.o
                0x00000000402fdd98                _u_boot_list_2_part_driver_2_a_efi
 .u_boot_list_2_part_driver_2_dos
                0x00000000402fddac       0x14 disk/built-in.o
                0x00000000402fddac                _u_boot_list_2_part_driver_2_dos
 .u_boot_list_2_part_driver_2_iso
                0x00000000402fddc0       0x14 disk/built-in.o
                0x00000000402fddc0                _u_boot_list_2_part_driver_2_iso
 .u_boot_list_2_part_driver_3
                0x00000000402fddd4        0x0 disk/built-in.o
                0x00000000402fddd4                . = ALIGN (0x4)
                0x00000000402fddd4                __image_copy_end = .

.end
 *(.__end)

.bss            0x0000000080a00000    0x31f38
                0x0000000080a00000                . = ALIGN (0x4)
                0x0000000080a00000                __bss_start = .
 *(.bss*)
 .bss.gpmc_cfg  0x0000000080a00000        0x4 arch/arm/cpu/armv7/built-in.o
                0x0000000080a00000                gpmc_cfg
 .bss.spl_image
                0x0000000080a00004       0x18 common/spl/built-in.o
                0x0000000080a00004                spl_image
 .bss.spl_boot_list
                0x0000000080a0001c       0x14 common/spl/built-in.o
 .bss.fat_registered
                0x0000000080a00030        0x4 common/spl/built-in.o
 .bss.xyz       0x0000000080a00034      0x434 common/built-in.o
 .bss.max_total_mem
                0x0000000080a00468        0x4 common/built-in.o
 .bss.mem_malloc_brk
                0x0000000080a0046c        0x4 common/built-in.o
                0x0000000080a0046c                mem_malloc_brk
 .bss.max_sbrked_mem
                0x0000000080a00470        0x4 common/built-in.o
 .bss.current_mallinfo
                0x0000000080a00474       0x28 common/built-in.o
 .bss.mem_malloc_end
                0x0000000080a0049c        0x4 common/built-in.o
                0x0000000080a0049c                mem_malloc_end
 .bss.top_pad   0x0000000080a004a0        0x4 common/built-in.o
 .bss.mem_malloc_start
                0x0000000080a004a4        0x4 common/built-in.o
                0x0000000080a004a4                mem_malloc_start
 .bss.stdio_devices
                0x0000000080a004a8        0xc common/built-in.o
                0x0000000080a004a8                stdio_devices
 .bss.tmpbuf    0x0000000080a004b4      0x800 disk/built-in.o
 .bss.name.7119
                0x0000000080a00cb4       0x25 disk/built-in.o
 *fill*         0x0000000080a00cd9        0x3 
 .bss.initialized.9318
                0x0000000080a00cdc        0x4 drivers/built-in.o
 .bss.mmc_devices
                0x0000000080a00ce0        0x8 drivers/built-in.o
 .bss.serial_current
                0x0000000080a00ce8        0x4 drivers/built-in.o
 *fill*         0x0000000080a00cec        0x4 
 .bss.nand_info
                0x0000000080a00cf0       0xd0 drivers/built-in.o
                0x0000000080a00cf0                nand_info
 .bss.nand_chip
                0x0000000080a00dc0      0x438 drivers/built-in.o
 .bss.omap_nand_info
                0x0000000080a011f8       0x60 drivers/built-in.o
 .bss.cs_next   0x0000000080a01258        0x1 drivers/built-in.o
 *fill*         0x0000000080a01259        0x3 
 .bss.omap_ecclayout
                0x0000000080a0125c      0xba8 drivers/built-in.o
 .bss.elm_cfg   0x0000000080a01e04        0x4 drivers/built-in.o
                0x0000000080a01e04                elm_cfg
 *fill*         0x0000000080a01e08       0x38 
 .bss.get_contents_vfatname_block
                0x0000000080a01e40    0x10000 fs/built-in.o
                0x0000000080a01e40                get_contents_vfatname_block
 .bss.do_fat_read_at_block
                0x0000000080a11e40    0x10000 fs/built-in.o
                0x0000000080a11e40                do_fat_read_at_block
 .bss.get_dentfromdir_block
                0x0000000080a21e40    0x10000 fs/built-in.o
                0x0000000080a21e40                get_dentfromdir_block
 .bss.cur_part_info
                0x0000000080a31e40       0x78 fs/built-in.o
 .bss.cur_dev   0x0000000080a31eb8        0x4 fs/built-in.o
 *fill*         0x0000000080a31ebc        0x4 
 .bss.ext_fs    0x0000000080a31ec0       0x48 fs/built-in.o
                0x0000000080a31ec0                ext_fs
 .bss.ext4fs_indir3_block
                0x0000000080a31f08        0x4 fs/built-in.o
                0x0000000080a31f08                ext4fs_indir3_block
 .bss.ext4fs_root
                0x0000000080a31f0c        0x4 fs/built-in.o
                0x0000000080a31f0c                ext4fs_root
 .bss.ext4fs_indir3_size
                0x0000000080a31f10        0x4 fs/built-in.o
                0x0000000080a31f10                ext4fs_indir3_size
 .bss.ext4fs_indir1_block
                0x0000000080a31f14        0x4 fs/built-in.o
                0x0000000080a31f14                ext4fs_indir1_block
 .bss.ext4fs_indir2_size
                0x0000000080a31f18        0x4 fs/built-in.o
                0x0000000080a31f18                ext4fs_indir2_size
 .bss.ext4fs_indir2_block
                0x0000000080a31f1c        0x4 fs/built-in.o
                0x0000000080a31f1c                ext4fs_indir2_block
 .bss.ext4fs_indir1_size
                0x0000000080a31f20        0x4 fs/built-in.o
                0x0000000080a31f20                ext4fs_indir1_size
 .bss.symlinknest
                0x0000000080a31f24        0x4 fs/built-in.o
 .bss.ext4fs_file
                0x0000000080a31f28        0x4 fs/built-in.o
                0x0000000080a31f28                ext4fs_file
 .bss.part_info
                0x0000000080a31f2c        0x4 fs/built-in.o
 .bss.part_offset
                0x0000000080a31f30        0x4 fs/built-in.o
                0x0000000080a31f30                part_offset
 .bss.ext4fs_blk_desc
                0x0000000080a31f34        0x4 fs/built-in.o
                0x0000000080a31f38                . = ALIGN (0x4)
                0x0000000080a31f38                __bss_end = .
Address of section .text set to 0x402f0400
LOAD arch/arm/cpu/armv7/start.o
START GROUP
LOAD arch/arm/cpu/armv7/built-in.o
LOAD arch/arm/cpu/built-in.o
LOAD arch/arm/lib/built-in.o
LOAD board/myirtech/myd_c335x/built-in.o
LOAD board/myirtech/common/built-in.o
LOAD common/spl/built-in.o
LOAD common/init/built-in.o
LOAD common/built-in.o
LOAD cmd/built-in.o
LOAD disk/built-in.o
LOAD drivers/built-in.o
LOAD dts/built-in.o
LOAD fs/built-in.o
LOAD lib/built-in.o
END GROUP
LOAD arch/arm/lib/eabi_compat.o
LOAD /media/parth/data/MYD-AM335X_V20R2_20181010/04-Linux_source/Toolchain/gcc-linaro-5.3-2016.02-x86_64_arm-linux-gnueabihf/bin/../lib/gcc/arm-linux-gnueabihf/5.3.1/libgcc.a
OUTPUT(u-boot-spl elf32-littlearm)

.ARM.attributes
                0x0000000000000000       0x2b
 .ARM.attributes
                0x0000000000000000       0x1f arch/arm/cpu/armv7/start.o
 .ARM.attributes
                0x000000000000001f       0x2d arch/arm/cpu/armv7/built-in.o
 .ARM.attributes
                0x000000000000004c       0x2b arch/arm/lib/built-in.o
 .ARM.attributes
                0x0000000000000077       0x2d board/myirtech/myd_c335x/built-in.o
 .ARM.attributes
                0x00000000000000a4       0x2d common/spl/built-in.o
 .ARM.attributes
                0x00000000000000d1       0x2d common/init/built-in.o
 .ARM.attributes
                0x00000000000000fe       0x2d common/built-in.o
 .ARM.attributes
                0x000000000000012b       0x2d disk/built-in.o
 .ARM.attributes
                0x0000000000000158       0x2d drivers/built-in.o
 .ARM.attributes
                0x0000000000000185       0x2d fs/built-in.o
 .ARM.attributes
                0x00000000000001b2       0x2d lib/built-in.o
 .ARM.attributes
                0x00000000000001df       0x2d arch/arm/lib/eabi_compat.o
 .ARM.attributes
                0x000000000000020c       0x21 /media/parth/data/MYD-AM335X_V20R2_20181010/04-Linux_source/Toolchain/gcc-linaro-5.3-2016.02-x86_64_arm-linux-gnueabihf/bin/../lib/gcc/arm-linux-gnueabihf/5.3.1/libgcc.a(_udivsi3.o)
 .ARM.attributes
                0x000000000000022d       0x21 /media/parth/data/MYD-AM335X_V20R2_20181010/04-Linux_source/Toolchain/gcc-linaro-5.3-2016.02-x86_64_arm-linux-gnueabihf/bin/../lib/gcc/arm-linux-gnueabihf/5.3.1/libgcc.a(_divsi3.o)
 .ARM.attributes
                0x000000000000024e       0x21 /media/parth/data/MYD-AM335X_V20R2_20181010/04-Linux_source/Toolchain/gcc-linaro-5.3-2016.02-x86_64_arm-linux-gnueabihf/bin/../lib/gcc/arm-linux-gnueabihf/5.3.1/libgcc.a(_lshrdi3.o)
 .ARM.attributes
                0x000000000000026f       0x21 /media/parth/data/MYD-AM335X_V20R2_20181010/04-Linux_source/Toolchain/gcc-linaro-5.3-2016.02-x86_64_arm-linux-gnueabihf/bin/../lib/gcc/arm-linux-gnueabihf/5.3.1/libgcc.a(_ashldi3.o)
 .ARM.attributes
                0x0000000000000290       0x21 /media/parth/data/MYD-AM335X_V20R2_20181010/04-Linux_source/Toolchain/gcc-linaro-5.3-2016.02-x86_64_arm-linux-gnueabihf/bin/../lib/gcc/arm-linux-gnueabihf/5.3.1/libgcc.a(_dvmd_lnx.o)

.comment        0x0000000000000000       0x2d
 .comment       0x0000000000000000       0x2d arch/arm/cpu/armv7/built-in.o
                                        0x33c (size before relaxing)
 .comment       0x000000000000002d      0x142 arch/arm/lib/built-in.o
 .comment       0x000000000000002d       0x8a board/myirtech/myd_c335x/built-in.o
 .comment       0x000000000000002d      0x114 common/spl/built-in.o
 .comment       0x000000000000002d       0x2e common/init/built-in.o
 .comment       0x000000000000002d      0x284 common/built-in.o
 .comment       0x000000000000002d       0xb8 disk/built-in.o
 .comment       0x000000000000002d      0x2e0 drivers/built-in.o
 .comment       0x000000000000002d      0x142 fs/built-in.o
 .comment       0x000000000000002d      0x33c lib/built-in.o
 .comment       0x000000000000002d       0x2e arch/arm/lib/eabi_compat.o

.note.GNU-stack
                0x0000000000000000        0x0
 .note.GNU-stack
                0x0000000000000000        0x0 arch/arm/cpu/armv7/built-in.o
 .note.GNU-stack
                0x0000000000000000        0x0 arch/arm/lib/built-in.o
 .note.GNU-stack
                0x0000000000000000        0x0 board/myirtech/myd_c335x/built-in.o
 .note.GNU-stack
                0x0000000000000000        0x0 common/spl/built-in.o
 .note.GNU-stack
                0x0000000000000000        0x0 common/init/built-in.o
 .note.GNU-stack
                0x0000000000000000        0x0 common/built-in.o
 .note.GNU-stack
                0x0000000000000000        0x0 disk/built-in.o
 .note.GNU-stack
                0x0000000000000000        0x0 drivers/built-in.o
 .note.GNU-stack
                0x0000000000000000        0x0 fs/built-in.o
 .note.GNU-stack
                0x0000000000000000        0x0 lib/built-in.o
 .note.GNU-stack
                0x0000000000000000        0x0 arch/arm/lib/eabi_compat.o
 .note.GNU-stack
                0x0000000000000000        0x0 /media/parth/data/MYD-AM335X_V20R2_20181010/04-Linux_source/Toolchain/gcc-linaro-5.3-2016.02-x86_64_arm-linux-gnueabihf/bin/../lib/gcc/arm-linux-gnueabihf/5.3.1/libgcc.a(_udivsi3.o)
 .note.GNU-stack
                0x0000000000000000        0x0 /media/parth/data/MYD-AM335X_V20R2_20181010/04-Linux_source/Toolchain/gcc-linaro-5.3-2016.02-x86_64_arm-linux-gnueabihf/bin/../lib/gcc/arm-linux-gnueabihf/5.3.1/libgcc.a(_divsi3.o)
 .note.GNU-stack
                0x0000000000000000        0x0 /media/parth/data/MYD-AM335X_V20R2_20181010/04-Linux_source/Toolchain/gcc-linaro-5.3-2016.02-x86_64_arm-linux-gnueabihf/bin/../lib/gcc/arm-linux-gnueabihf/5.3.1/libgcc.a(_lshrdi3.o)
 .note.GNU-stack
                0x0000000000000000        0x0 /media/parth/data/MYD-AM335X_V20R2_20181010/04-Linux_source/Toolchain/gcc-linaro-5.3-2016.02-x86_64_arm-linux-gnueabihf/bin/../lib/gcc/arm-linux-gnueabihf/5.3.1/libgcc.a(_ashldi3.o)
 .note.GNU-stack
                0x0000000000000000        0x0 /media/parth/data/MYD-AM335X_V20R2_20181010/04-Linux_source/Toolchain/gcc-linaro-5.3-2016.02-x86_64_arm-linux-gnueabihf/bin/../lib/gcc/arm-linux-gnueabihf/5.3.1/libgcc.a(_dvmd_lnx.o)

.debug_line     0x0000000000000000     0xfe7b
 .debug_line    0x0000000000000000       0x87 arch/arm/cpu/armv7/start.o
 .debug_line    0x0000000000000087     0x1bf8 arch/arm/cpu/armv7/built-in.o
 .debug_line    0x0000000000001c7f      0x992 arch/arm/lib/built-in.o
 .debug_line    0x0000000000002611      0x3f7 board/myirtech/myd_c335x/built-in.o
 .debug_line    0x0000000000002a08      0x891 common/spl/built-in.o
 .debug_line    0x0000000000003299      0x10b common/init/built-in.o
 .debug_line    0x00000000000033a4     0x26f5 common/built-in.o
 .debug_line    0x0000000000005a99      0xffe disk/built-in.o
 .debug_line    0x0000000000006a97     0x41d2 drivers/built-in.o
 .debug_line    0x000000000000ac69     0x2963 fs/built-in.o
 .debug_line    0x000000000000d5cc     0x2324 lib/built-in.o
 .debug_line    0x000000000000f8f0      0x104 arch/arm/lib/eabi_compat.o
 .debug_line    0x000000000000f9f4       0xf2 /media/parth/data/MYD-AM335X_V20R2_20181010/04-Linux_source/Toolchain/gcc-linaro-5.3-2016.02-x86_64_arm-linux-gnueabihf/bin/../lib/gcc/arm-linux-gnueabihf/5.3.1/libgcc.a(_udivsi3.o)
 .debug_line    0x000000000000fae6      0x103 /media/parth/data/MYD-AM335X_V20R2_20181010/04-Linux_source/Toolchain/gcc-linaro-5.3-2016.02-x86_64_arm-linux-gnueabihf/bin/../lib/gcc/arm-linux-gnueabihf/5.3.1/libgcc.a(_divsi3.o)
 .debug_line    0x000000000000fbe9       0xde /media/parth/data/MYD-AM335X_V20R2_20181010/04-Linux_source/Toolchain/gcc-linaro-5.3-2016.02-x86_64_arm-linux-gnueabihf/bin/../lib/gcc/arm-linux-gnueabihf/5.3.1/libgcc.a(_lshrdi3.o)
 .debug_line    0x000000000000fcc7       0xde /media/parth/data/MYD-AM335X_V20R2_20181010/04-Linux_source/Toolchain/gcc-linaro-5.3-2016.02-x86_64_arm-linux-gnueabihf/bin/../lib/gcc/arm-linux-gnueabihf/5.3.1/libgcc.a(_ashldi3.o)
 .debug_line    0x000000000000fda5       0xd6 /media/parth/data/MYD-AM335X_V20R2_20181010/04-Linux_source/Toolchain/gcc-linaro-5.3-2016.02-x86_64_arm-linux-gnueabihf/bin/../lib/gcc/arm-linux-gnueabihf/5.3.1/libgcc.a(_dvmd_lnx.o)

.debug_info     0x0000000000000000    0x62353
 .debug_info    0x0000000000000000       0x96 arch/arm/cpu/armv7/start.o
 .debug_info    0x0000000000000096     0xc42a arch/arm/cpu/armv7/built-in.o
 .debug_info    0x000000000000c4c0     0x311e arch/arm/lib/built-in.o
 .debug_info    0x000000000000f5de     0x21e0 board/myirtech/myd_c335x/built-in.o
 .debug_info    0x00000000000117be     0x49f9 common/spl/built-in.o
 .debug_info    0x00000000000161b7      0x69b common/init/built-in.o
 .debug_info    0x0000000000016852     0xd366 common/built-in.o
 .debug_info    0x0000000000023bb8     0x6408 disk/built-in.o
 .debug_info    0x0000000000029fc0    0x1dbdb drivers/built-in.o
 .debug_info    0x0000000000047b9b    0x105cc fs/built-in.o
 .debug_info    0x0000000000058167     0x954b lib/built-in.o
 .debug_info    0x00000000000616b2      0x472 arch/arm/lib/eabi_compat.o
 .debug_info    0x0000000000061b24      0x1a3 /media/parth/data/MYD-AM335X_V20R2_20181010/04-Linux_source/Toolchain/gcc-linaro-5.3-2016.02-x86_64_arm-linux-gnueabihf/bin/../lib/gcc/arm-linux-gnueabihf/5.3.1/libgcc.a(_udivsi3.o)
 .debug_info    0x0000000000061cc7      0x1a3 /media/parth/data/MYD-AM335X_V20R2_20181010/04-Linux_source/Toolchain/gcc-linaro-5.3-2016.02-x86_64_arm-linux-gnueabihf/bin/../lib/gcc/arm-linux-gnueabihf/5.3.1/libgcc.a(_divsi3.o)
 .debug_info    0x0000000000061e6a      0x1a3 /media/parth/data/MYD-AM335X_V20R2_20181010/04-Linux_source/Toolchain/gcc-linaro-5.3-2016.02-x86_64_arm-linux-gnueabihf/bin/../lib/gcc/arm-linux-gnueabihf/5.3.1/libgcc.a(_lshrdi3.o)
 .debug_info    0x000000000006200d      0x1a3 /media/parth/data/MYD-AM335X_V20R2_20181010/04-Linux_source/Toolchain/gcc-linaro-5.3-2016.02-x86_64_arm-linux-gnueabihf/bin/../lib/gcc/arm-linux-gnueabihf/5.3.1/libgcc.a(_ashldi3.o)
 .debug_info    0x00000000000621b0      0x1a3 /media/parth/data/MYD-AM335X_V20R2_20181010/04-Linux_source/Toolchain/gcc-linaro-5.3-2016.02-x86_64_arm-linux-gnueabihf/bin/../lib/gcc/arm-linux-gnueabihf/5.3.1/libgcc.a(_dvmd_lnx.o)

.debug_abbrev   0x0000000000000000     0xfbc8
 .debug_abbrev  0x0000000000000000       0x14 arch/arm/cpu/armv7/start.o
 .debug_abbrev  0x0000000000000014     0x2730 arch/arm/cpu/armv7/built-in.o
 .debug_abbrev  0x0000000000002744      0xba2 arch/arm/lib/built-in.o
 .debug_abbrev  0x00000000000032e6      0x5c9 board/myirtech/myd_c335x/built-in.o
 .debug_abbrev  0x00000000000038af      0xfff common/spl/built-in.o
 .debug_abbrev  0x00000000000048ae      0x1c0 common/init/built-in.o
 .debug_abbrev  0x0000000000004a6e     0x2869 common/built-in.o
 .debug_abbrev  0x00000000000072d7     0x102e disk/built-in.o
 .debug_abbrev  0x0000000000008305     0x393c drivers/built-in.o
 .debug_abbrev  0x000000000000bc41     0x19a3 fs/built-in.o
 .debug_abbrev  0x000000000000d5e4     0x2400 lib/built-in.o
 .debug_abbrev  0x000000000000f9e4      0x180 arch/arm/lib/eabi_compat.o
 .debug_abbrev  0x000000000000fb64       0x14 /media/parth/data/MYD-AM335X_V20R2_20181010/04-Linux_source/Toolchain/gcc-linaro-5.3-2016.02-x86_64_arm-linux-gnueabihf/bin/../lib/gcc/arm-linux-gnueabihf/5.3.1/libgcc.a(_udivsi3.o)
 .debug_abbrev  0x000000000000fb78       0x14 /media/parth/data/MYD-AM335X_V20R2_20181010/04-Linux_source/Toolchain/gcc-linaro-5.3-2016.02-x86_64_arm-linux-gnueabihf/bin/../lib/gcc/arm-linux-gnueabihf/5.3.1/libgcc.a(_divsi3.o)
 .debug_abbrev  0x000000000000fb8c       0x14 /media/parth/data/MYD-AM335X_V20R2_20181010/04-Linux_source/Toolchain/gcc-linaro-5.3-2016.02-x86_64_arm-linux-gnueabihf/bin/../lib/gcc/arm-linux-gnueabihf/5.3.1/libgcc.a(_lshrdi3.o)
 .debug_abbrev  0x000000000000fba0       0x14 /media/parth/data/MYD-AM335X_V20R2_20181010/04-Linux_source/Toolchain/gcc-linaro-5.3-2016.02-x86_64_arm-linux-gnueabihf/bin/../lib/gcc/arm-linux-gnueabihf/5.3.1/libgcc.a(_ashldi3.o)
 .debug_abbrev  0x000000000000fbb4       0x14 /media/parth/data/MYD-AM335X_V20R2_20181010/04-Linux_source/Toolchain/gcc-linaro-5.3-2016.02-x86_64_arm-linux-gnueabihf/bin/../lib/gcc/arm-linux-gnueabihf/5.3.1/libgcc.a(_dvmd_lnx.o)

.debug_aranges  0x0000000000000000     0x22b0
 .debug_aranges
                0x0000000000000000       0x20 arch/arm/cpu/armv7/start.o
 .debug_aranges
                0x0000000000000020      0x4b8 arch/arm/cpu/armv7/built-in.o
 .debug_aranges
                0x00000000000004d8      0x1f8 arch/arm/lib/built-in.o
 .debug_aranges
                0x00000000000006d0       0x88 board/myirtech/myd_c335x/built-in.o
 .debug_aranges
                0x0000000000000758      0x138 common/spl/built-in.o
 .debug_aranges
                0x0000000000000890       0x28 common/init/built-in.o
 .debug_aranges
                0x00000000000008b8      0x598 common/built-in.o
 .debug_aranges
                0x0000000000000e50      0x188 disk/built-in.o
 .debug_aranges
                0x0000000000000fd8      0x8f0 drivers/built-in.o
 .debug_aranges
                0x00000000000018c8      0x378 fs/built-in.o
 .debug_aranges
                0x0000000000001c40      0x598 lib/built-in.o
 .debug_aranges
                0x00000000000021d8       0x38 arch/arm/lib/eabi_compat.o
 .debug_aranges
                0x0000000000002210       0x20 /media/parth/data/MYD-AM335X_V20R2_20181010/04-Linux_source/Toolchain/gcc-linaro-5.3-2016.02-x86_64_arm-linux-gnueabihf/bin/../lib/gcc/arm-linux-gnueabihf/5.3.1/libgcc.a(_udivsi3.o)
 .debug_aranges
                0x0000000000002230       0x20 /media/parth/data/MYD-AM335X_V20R2_20181010/04-Linux_source/Toolchain/gcc-linaro-5.3-2016.02-x86_64_arm-linux-gnueabihf/bin/../lib/gcc/arm-linux-gnueabihf/5.3.1/libgcc.a(_divsi3.o)
 .debug_aranges
                0x0000000000002250       0x20 /media/parth/data/MYD-AM335X_V20R2_20181010/04-Linux_source/Toolchain/gcc-linaro-5.3-2016.02-x86_64_arm-linux-gnueabihf/bin/../lib/gcc/arm-linux-gnueabihf/5.3.1/libgcc.a(_lshrdi3.o)
 .debug_aranges
                0x0000000000002270       0x20 /media/parth/data/MYD-AM335X_V20R2_20181010/04-Linux_source/Toolchain/gcc-linaro-5.3-2016.02-x86_64_arm-linux-gnueabihf/bin/../lib/gcc/arm-linux-gnueabihf/5.3.1/libgcc.a(_ashldi3.o)
 .debug_aranges
                0x0000000000002290       0x20 /media/parth/data/MYD-AM335X_V20R2_20181010/04-Linux_source/Toolchain/gcc-linaro-5.3-2016.02-x86_64_arm-linux-gnueabihf/bin/../lib/gcc/arm-linux-gnueabihf/5.3.1/libgcc.a(_dvmd_lnx.o)

.debug_frame    0x0000000000000000     0x5d08
 .debug_frame   0x0000000000000000      0x8e8 arch/arm/cpu/armv7/built-in.o
 .debug_frame   0x00000000000008e8      0x354 arch/arm/lib/built-in.o
 .debug_frame   0x0000000000000c3c       0xf8 board/myirtech/myd_c335x/built-in.o
 .debug_frame   0x0000000000000d34      0x26c common/spl/built-in.o
 .debug_frame   0x0000000000000fa0       0x38 common/init/built-in.o
 .debug_frame   0x0000000000000fd8      0xe88 common/built-in.o
 .debug_frame   0x0000000000001e60      0x568 disk/built-in.o
 .debug_frame   0x00000000000023c8     0x1cec drivers/built-in.o
 .debug_frame   0x00000000000040b4      0xc88 fs/built-in.o
 .debug_frame   0x0000000000004d3c      0xf2c lib/built-in.o
 .debug_frame   0x0000000000005c68       0x60 arch/arm/lib/eabi_compat.o
 .debug_frame   0x0000000000005cc8       0x20 /media/parth/data/MYD-AM335X_V20R2_20181010/04-Linux_source/Toolchain/gcc-linaro-5.3-2016.02-x86_64_arm-linux-gnueabihf/bin/../lib/gcc/arm-linux-gnueabihf/5.3.1/libgcc.a(_udivsi3.o)
 .debug_frame   0x0000000000005ce8       0x20 /media/parth/data/MYD-AM335X_V20R2_20181010/04-Linux_source/Toolchain/gcc-linaro-5.3-2016.02-x86_64_arm-linux-gnueabihf/bin/../lib/gcc/arm-linux-gnueabihf/5.3.1/libgcc.a(_divsi3.o)

.debug_str      0x0000000000000000     0xcc79
 .debug_str     0x0000000000000000     0x3762 arch/arm/cpu/armv7/built-in.o
                                       0x9ce8 (size before relaxing)
 .debug_str     0x0000000000003762      0x3d3 arch/arm/lib/built-in.o
                                       0x27ad (size before relaxing)
 .debug_str     0x0000000000003b35      0x8e9 board/myirtech/myd_c335x/built-in.o
                                       0x1d2f (size before relaxing)
 .debug_str     0x000000000000441e      0x842 common/spl/built-in.o
                                       0x3a67 (size before relaxing)
 .debug_str     0x0000000000004c60       0x55 common/init/built-in.o
                                        0x65b (size before relaxing)
 .debug_str     0x0000000000004cb5     0x20ba common/built-in.o
                                       0x7bbb (size before relaxing)
 .debug_str     0x0000000000006d6f      0xbe1 disk/built-in.o
                                       0x2a4e (size before relaxing)
 .debug_str     0x0000000000007950     0x2ee9 drivers/built-in.o
                                       0xd51e (size before relaxing)
 .debug_str     0x000000000000a839     0x1b25 fs/built-in.o
                                       0x5ea5 (size before relaxing)
 .debug_str     0x000000000000c35e      0x8be lib/built-in.o
                                       0x6113 (size before relaxing)
 .debug_str     0x000000000000cc1c       0x5d arch/arm/lib/eabi_compat.o
                                        0x4a5 (size before relaxing)

.debug_loc      0x0000000000000000    0x300e6
 .debug_loc     0x0000000000000000     0x2639 arch/arm/cpu/armv7/built-in.o
 .debug_loc     0x0000000000002639      0x566 arch/arm/lib/built-in.o
 .debug_loc     0x0000000000002b9f       0xeb board/myirtech/myd_c335x/built-in.o
 .debug_loc     0x0000000000002c8a      0x920 common/spl/built-in.o
 .debug_loc     0x00000000000035aa       0xbc common/init/built-in.o
 .debug_loc     0x0000000000003666     0x784b common/built-in.o
 .debug_loc     0x000000000000aeb1     0x2e74 disk/built-in.o
 .debug_loc     0x000000000000dd25     0xfa31 drivers/built-in.o
 .debug_loc     0x000000000001d756     0xc1a8 fs/built-in.o
 .debug_loc     0x00000000000298fe     0x66eb lib/built-in.o
 .debug_loc     0x000000000002ffe9       0xfd arch/arm/lib/eabi_compat.o

.debug_ranges   0x0000000000000000     0x3b60
 .debug_ranges  0x0000000000000000      0x5c8 arch/arm/cpu/armv7/built-in.o
 .debug_ranges  0x00000000000005c8      0x140 arch/arm/lib/built-in.o
 .debug_ranges  0x0000000000000708       0x70 board/myirtech/myd_c335x/built-in.o
 .debug_ranges  0x0000000000000778       0xf0 common/spl/built-in.o
 .debug_ranges  0x0000000000000868       0x18 common/init/built-in.o
 .debug_ranges  0x0000000000000880      0x6f8 common/built-in.o
 .debug_ranges  0x0000000000000f78      0x530 disk/built-in.o
 .debug_ranges  0x00000000000014a8     0x1420 drivers/built-in.o
 .debug_ranges  0x00000000000028c8      0xb80 fs/built-in.o
 .debug_ranges  0x0000000000003448      0x6f0 lib/built-in.o
 .debug_ranges  0x0000000000003b38       0x28 arch/arm/lib/eabi_compat.o
