mtdparts.c:476:13:part_delall	16	static
mtdparts.c:163:12:memsize_parse	8	static
mtdparts.c:1846:26:mtd_part_info	16	static
mtdparts.c:196:13:memsize_format	16	static
mtdparts.c:217:13:index_partitions	16	static
mtdparts.c:253:13:current_save	32	static
mtdparts.c:497:12:part_sort_add	32	static
mtdparts.c:742:12:device_del	16	static
mtdparts.c:1199:12:generate_mtdparts_save.constprop	80	static
mtdparts.c:718:12:device_delall.constprop	24	static
mtdparts.c:961:12:mtd_devices_init	8	static
mtdparts.c:285:12:get_mtd_info.constprop	24	static
mtdparts.c:396:12:part_validate	80	static
mtdparts.c:774:20:device_find	12	static
mtdparts.c:821:12:device_parse	96	static
mtdparts.c:1032:5:mtd_id_parse	32	static
mtdparts.c:1337:5:find_dev_and_part	48	static
mtdparts.c:1697:5:mtdparts_init	1104	static
mtdparts.c:1893:12:do_chpart	32	static
mtdparts.c:1931:12:do_mtdparts	136	static
