part_efi.c:50:14:print_efiname	12	static
part_efi.c:318:12:part_test_efi	24	dynamic
part_efi.c:336:12:set_protective_mbr	600	static
part_efi.c:136:12:validate_gpt_entries	8	static
part_efi.c:73:12:validate_gpt_header	48	static
part_efi.c:832:12:is_gpt_valid	32	static
part_efi.c:923:12:is_pte_valid	24	static
part_efi.c:179:6:part_print_efi	112	dynamic
part_efi.c:236:5:part_get_info_efi	48	dynamic
part_efi.c:299:5:part_get_info_efi_by_name	24	static
part_efi.c:362:5:write_gpt_table	32	static
part_efi.c:410:5:gpt_fill_pte	56	static
part_efi.c:513:5:gpt_fill_header	16	static
part_efi.c:535:5:gpt_restore	32	static
part_efi.c:591:5:gpt_verify_headers	24	static
part_efi.c:615:5:gpt_verify_partitions	104	static
part_efi.c:689:5:is_valid_gpt_buf	16	static
part_efi.c:710:5:write_mbr_and_gpt_partitions	56	static
