image.c:426:12:on_loadaddr	8	static
image.c:178:5:image_check_hcrc	72	static
image.c:193:5:image_check_dcrc	8	static
image.c:215:7:image_multi_count	0	static
image.c:248:6:image_multi_getimg	24	static
image.c:442:7:getenv_bootm_low	8	static
image.c:459:13:getenv_bootm_size	16	static
image.c:486:13:getenv_bootm_mapsize	8	static
image.c:502:6:memmove_wd	24	static
image.c:532:6:genimg_print_size	8	static
image.c:545:6:genimg_print_time	64	static
image.c:560:22:get_table_entry	0	static
image.c:611:20:genimg_get_short_name	8	static
image.c:583:7:get_table_entry_name	8	static
image.c:595:13:genimg_get_os_name	0	static
image.c:600:13:genimg_get_arch_name	0	static
image.c:606:13:genimg_get_type_name	0	static
image.c:623:13:genimg_get_type_short_name	0	static
image.c:628:13:genimg_get_comp_name	0	static
image.c:308:6:image_print_contents	40	static
image.c:634:13:genimg_get_comp_short_name	0	static
image.c:639:13:genimg_get_os_short_name	0	static
image.c:644:13:genimg_get_arch_short_name	0	static
image.c:663:5:get_table_entry_id	16	static
image.c:681:5:genimg_get_os_id	0	static
image.c:686:5:genimg_get_arch_id	0	static
image.c:691:5:genimg_get_type_id	0	static
image.c:696:5:genimg_get_comp_id	0	static
image.c:717:7:genimg_get_kernel_addr_fit	0	static
image.c:751:7:genimg_get_kernel_addr	16	static
image.c:774:5:genimg_get_format	8	static
image.c:805:7:genimg_get_image	0	static
image.c:881:5:genimg_has_config	0	static
image.c:912:5:boot_get_ramdisk	40	static
image.c:1124:5:boot_ramdisk_high	32	static
image.c:1202:5:boot_get_setup	0	static
image.c:1358:5:image_setup_linux	32	static
