ns16550.c:97:13:ns16550_writeb.isra.0	0	static
ns16550.c:152:13:NS16550_setbrg	16	static
ns16550.c:340:12:ns16550_serial_setbrg	16	static
ns16550.c:111:12:ns16550_readb.isra.1	0	static
ns16550.c:320:12:ns16550_serial_pending	8	static
ns16550.c:300:12:ns16550_serial_putc	16	static
ns16550.c:330:12:ns16550_serial_getc	8	static
ns16550.c:138:5:ns16550_calc_divisor	8	static
ns16550.c:160:6:NS16550_init	16	static
ns16550.c:353:5:ns16550_serial_probe	16	static
ns16550.c:202:6:NS16550_reinit	16	static
ns16550.c:212:6:NS16550_putc	16	static
ns16550.c:229:6:NS16550_getc	8	static
ns16550.c:241:5:NS16550_tstc	8	static
