phy.c:440:5:genphy_shutdown	0	static
phy.c:153:5:genphy_restart_aneg	24	static
phy.c:181:5:genphy_config_aneg	32	static
phy.c:381:5:genphy_config	16	static
phy.c:221:5:genphy_update_link	32	static
phy.c:290:5:genphy_parse_link	24	static
phy.c:432:5:genphy_startup	8	static
phy.c:459:5:phy_init	8	static
phy.c:513:5:phy_register	0	static
phy.c:535:5:phy_set_supported	0	static
phy.c:644:12:get_phy_id	24	static
phy.c:698:27:get_phy_device_by_mask	48	static
phy.c:743:5:phy_reset	24	static
phy.c:794:5:miiphy_reset	8	static
phy.c:809:20:phy_find_by_mask	16	static
phy.c:826:6:phy_connect_dev	24	static
phy.c:844:20:phy_connect	24	static
phy.c:861:5:phy_startup	0	static
phy.c:869:12:board_phy_config	0	static
phy.c:876:5:phy_config	8	static
phy.c:884:5:phy_shutdown	8	static
phy.c:892:5:phy_get_interface_by_name	16	static
